3.6371 	DEBUG 	Fullscreen settings ignored as running in pilot mode.
3.6377 	INFO 	Loaded monitor calibration from ['2025_04_06 13:23']
3.8144 	EXP 	Created window1 = Window(allowGUI=False, allowStencil=False, autoLog=True, backendConf=UNKNOWN, backgroundFit=<method-wrapper '__getattribute__' of attributeSetter object at 0x000001F18AC2B6D0>, backgroundImage=<method-wrapper '__getattribute__' of attributeSetter object at 0x000001F18AC2B730>, bitsMode=UNKNOWN, blendMode='avg', bpc=(8, 8, 8), color=array([0, 0, 0]), colorSpace='rgb', depthBits=8, fullscr=False, gamma=None, gammaErrorPolicy='raise', infoMsg=UNKNOWN, lms=UNKNOWN, monitor=<psychopy.monitors.calibTools.Monitor object at 0x000001F18ACC4D30>, multiSample=False, name='window1', numSamples=2, pos=[560.0, 240.0], screen=0, size=array([800, 600]), stencilBits=0, stereo=False, title='PsychoPy', units='height', useFBO=True, useRetina=False, viewOri=0.0, viewPos=None, viewScale=None, waitBlanking=True, winType='pyglet')
3.8144 	EXP 	window1: backgroundImage = ''
3.8144 	EXP 	window1: backgroundFit = 'none'
3.8196 	DEBUG 	TextBox2 loaded 1 chars with 0 blanks and 1 valid
3.8201 	DEBUG 	TextBox2 loaded 1 chars with 0 blanks and 1 valid
3.8206 	DEBUG 	TextBox2 loaded 1 chars with 0 blanks and 1 valid
3.8212 	DEBUG 	TextBox2 loaded 1 chars with 0 blanks and 1 valid
3.8218 	DEBUG 	TextBox2 loaded 1 chars with 0 blanks and 1 valid
3.8221 	DEBUG 	TextBox2 loaded 1 chars with 0 blanks and 1 valid
3.8225 	DEBUG 	TextBox2 loaded 1 chars with 0 blanks and 1 valid
3.8231 	DEBUG 	TextBox2 loaded 1 chars with 0 blanks and 1 valid
3.8233 	DEBUG 	TextBox2 loaded 1 chars with 0 blanks and 1 valid
3.8236 	DEBUG 	TextBox2 loaded 1 chars with 0 blanks and 1 valid
3.8241 	DEBUG 	TextBox2 loaded 1 chars with 0 blanks and 1 valid
3.8245 	DEBUG 	TextBox2 loaded 1 chars with 0 blanks and 1 valid
3.8250 	DEBUG 	TextBox2 loaded 1 chars with 0 blanks and 1 valid
3.8254 	DEBUG 	TextBox2 loaded 1 chars with 0 blanks and 1 valid
3.8258 	DEBUG 	TextBox2 loaded 1 chars with 0 blanks and 1 valid
3.8263 	DEBUG 	TextBox2 loaded 1 chars with 0 blanks and 1 valid
3.8268 	DEBUG 	TextBox2 loaded 1 chars with 0 blanks and 1 valid
3.8270 	DEBUG 	TextBox2 loaded 1 chars with 0 blanks and 1 valid
3.8273 	DEBUG 	TextBox2 loaded 1 chars with 0 blanks and 1 valid
3.8279 	DEBUG 	TextBox2 loaded 1 chars with 0 blanks and 1 valid
3.8282 	DEBUG 	TextBox2 loaded 1 chars with 0 blanks and 1 valid
3.8284 	DEBUG 	Uploading Texture Font fontname to graphics card
3.8293 	DEBUG 	Upload of Texture Font fontname complete
3.8328 	DEBUG 	TextBox2 loaded 1 chars with 0 blanks and 1 valid
3.8334 	DEBUG 	TextBox2 loaded 1 chars with 0 blanks and 1 valid
3.8339 	DEBUG 	TextBox2 loaded 1 chars with 0 blanks and 1 valid
3.8341 	DEBUG 	Uploading Texture Font fontname to graphics card
3.8345 	DEBUG 	Upload of Texture Font fontname complete
3.8358 	EXP 	window1: Attempting to measure frame rate of screen (0) ...
3.8358 	EXP 	window1: recordFrameIntervals = False
3.9717 	EXP 	window1: recordFrameIntervals = True
4.1171 	EXP 	Screen (0) actual frame rate measured at 75.49Hz
4.1171 	EXP 	window1: recordFrameIntervals = False
4.1203 	DEBUG 	TextBox2 loaded 1 chars with 0 blanks and 1 valid
4.1206 	DEBUG 	TextBox2 loaded 1 chars with 0 blanks and 1 valid
4.1212 	DEBUG 	TextBox2 loaded 1 chars with 0 blanks and 1 valid
4.1219 	DEBUG 	TextBox2 loaded 1 chars with 0 blanks and 1 valid
4.1225 	DEBUG 	TextBox2 loaded 1 chars with 0 blanks and 1 valid
4.1231 	DEBUG 	TextBox2 loaded 1 chars with 0 blanks and 1 valid
4.1234 	DEBUG 	TextBox2 loaded 1 chars with 0 blanks and 1 valid
4.1240 	DEBUG 	TextBox2 loaded 1 chars with 0 blanks and 1 valid
4.1246 	DEBUG 	TextBox2 loaded 1 chars with 0 blanks and 1 valid
4.1252 	DEBUG 	TextBox2 loaded 1 chars with 0 blanks and 1 valid
4.1254 	DEBUG 	Uploading Texture Font fontname to graphics card
4.1259 	DEBUG 	Upload of Texture Font fontname complete
4.1338 	WARNING 	launchHubServer: If using the iohub mouse or eyetracker devices, fullScr should be True.
5.7922 	INFO 	keyboard.Keyboard is using iohub backend.
5.7923 	EXP 	KeoghRevisedRetrocueTask: status = STARTED
5.8061 	INFO 	keyboard.Keyboard is using iohub backend.
0.0165 	EXP 	Created unnamed ImageStim = ImageStim(__class__=<class 'psychopy.visual.image.ImageStim'>, anchor=('center', 'center'), autoLog=True, color=array([1., 1., 1.]), colorSpace='rgb', contrast=1.0, depth=0, draggable=False, flipHoriz=False, flipVert=False, image='visualObj/fixCirc.png', interpolate=False, mask=None, maskParams=None, name='unnamed ImageStim', opacity=1, ori=0.0, pos=array([0., 0.]), size=array([0.12, 0.12]), texRes=128, units='height', win=Window(...))
0.0245 	EXP 	Created unnamed ImageStim = ImageStim(__class__=<class 'psychopy.visual.image.ImageStim'>, anchor=('center', 'center'), autoLog=True, color=array([1., 1., 1.]), colorSpace='rgb', contrast=1.0, depth=0, draggable=False, flipHoriz=False, flipVert=False, image='visualObj/retrocue.png', interpolate=False, mask=None, maskParams=None, name='unnamed ImageStim', opacity=1, ori=0.0, pos=array([0., 0.]), size=array([0.12, 0.12]), texRes=128, units='height', win=Window(...))
0.0263 	EXP 	Created unnamed Polygon = Polygon(__class__=<class 'psychopy.visual.polygon.Polygon'>, anchor=('center', 'center'), autoDraw=False, autoLog=True, closeShape=True, color=method-wrapper(...), colorSpace='rgb255', contrast=None, depth=0, draggable=False, fillColor=array([128, 115,  96]), fillColorSpace='rgb255', fillRGB=array([ 0.00392157, -0.09803922, -0.24705882]), interpolate=True, lineColor=array([255., 255., 255.]), lineColorSpace='rgb255', lineRGB=array([1, 1, 1]), lineWidth=1.5, name='unnamed Polygon', opacity=1, ori=45.0, pos=array([0., 0.]), size=array([0.06, 0.06]), units='height', vertices=ndarray(...), win=Window(...))
0.0269 	EXP 	Created unnamed ImageStim = ImageStim(__class__=<class 'psychopy.visual.image.ImageStim'>, anchor=('center', 'center'), autoLog=True, color=array([1., 1., 1.]), colorSpace='rgb', contrast=1.0, depth=0, draggable=False, flipHoriz=False, flipVert=False, image=None, interpolate=False, mask=None, maskParams=None, name='unnamed ImageStim', opacity=1, ori=0.0, pos=array([0., 0.]), size=array([1., 1.]), texRes=128, units='height', win=Window(...))
0.0274 	EXP 	Created unnamed ImageStim = ImageStim(__class__=<class 'psychopy.visual.image.ImageStim'>, anchor=('center', 'center'), autoLog=True, color=array([1., 1., 1.]), colorSpace='rgb', contrast=1.0, depth=0, draggable=False, flipHoriz=False, flipVert=False, image=None, interpolate=False, mask=None, maskParams=None, name='unnamed ImageStim', opacity=1, ori=0.0, pos=array([0., 0.]), size=array([1., 1.]), texRes=128, units='height', win=Window(...))
0.0293 	EXP 	Created unnamed ImageStim = ImageStim(__class__=<class 'psychopy.visual.image.ImageStim'>, anchor=('center', 'center'), autoLog=True, color=array([1., 1., 1.]), colorSpace='rgb', contrast=1.0, depth=0, draggable=False, flipHoriz=False, flipVert=False, image='visualObj/noiseGauss50.png', interpolate=False, mask=None, maskParams=None, name='unnamed ImageStim', opacity=1, ori=0.0, pos=array([0., 0.]), size=array([0.42666667, 0.42666667]), texRes=128, units='height', win=Window(...))
0.0311 	EXP 	Created unnamed ImageStim = ImageStim(__class__=<class 'psychopy.visual.image.ImageStim'>, anchor=('center', 'center'), autoLog=True, color=array([1., 1., 1.]), colorSpace='rgb', contrast=1.0, depth=0, draggable=False, flipHoriz=False, flipVert=False, image='visualObj/noiseGauss50.png', interpolate=False, mask=None, maskParams=None, name='unnamed ImageStim', opacity=1, ori=0.0, pos=array([0., 0.]), size=array([0.42666667, 0.42666667]), texRes=128, units='height', win=Window(...))
0.0317 	EXP 	Created unnamed ImageStim = ImageStim(__class__=<class 'psychopy.visual.image.ImageStim'>, anchor=('center', 'center'), autoLog=True, color=array([1., 1., 1.]), colorSpace='rgb', contrast=1.0, depth=0, draggable=False, flipHoriz=False, flipVert=False, image=None, interpolate=False, mask=None, maskParams=None, name='unnamed ImageStim', opacity=1, ori=0.0, pos=array([0., 0.]), size=array([0.18, 0.18]), texRes=128, units='height', win=Window(...))
0.0321 	EXP 	Created unnamed ImageStim = ImageStim(__class__=<class 'psychopy.visual.image.ImageStim'>, anchor=('center', 'center'), autoLog=True, color=array([1., 1., 1.]), colorSpace='rgb', contrast=1.0, depth=0, draggable=False, flipHoriz=False, flipVert=False, image=None, interpolate=False, mask=None, maskParams=None, name='unnamed ImageStim', opacity=1, ori=0.0, pos=array([0., 0.]), size=array([0.18, 0.18]), texRes=128, units='height', win=Window(...))
0.0326 	EXP 	Created unnamed ImageStim = ImageStim(__class__=<class 'psychopy.visual.image.ImageStim'>, anchor=('center', 'center'), autoLog=True, color=array([1., 1., 1.]), colorSpace='rgb', contrast=1.0, depth=0, draggable=False, flipHoriz=False, flipVert=False, image=None, interpolate=False, mask=None, maskParams=None, name='unnamed ImageStim', opacity=1, ori=0.0, pos=array([0., 0.]), size=array([0.18, 0.18]), texRes=128, units='height', win=Window(...))
0.0331 	EXP 	Created unnamed ImageStim = ImageStim(__class__=<class 'psychopy.visual.image.ImageStim'>, anchor=('center', 'center'), autoLog=True, color=array([1., 1., 1.]), colorSpace='rgb', contrast=1.0, depth=0, draggable=False, flipHoriz=False, flipVert=False, image=None, interpolate=False, mask=None, maskParams=None, name='unnamed ImageStim', opacity=1, ori=0.0, pos=array([0., 0.]), size=array([0.18, 0.18]), texRes=128, units='height', win=Window(...))
0.0336 	EXP 	Created unnamed ImageStim = ImageStim(__class__=<class 'psychopy.visual.image.ImageStim'>, anchor=('center', 'center'), autoLog=True, color=array([1., 1., 1.]), colorSpace='rgb', contrast=1.0, depth=0, draggable=False, flipHoriz=False, flipVert=False, image=None, interpolate=False, mask=None, maskParams=None, name='unnamed ImageStim', opacity=1, ori=0.0, pos=array([0., 0.]), size=array([0.18, 0.18]), texRes=128, units='height', win=Window(...))
0.0341 	EXP 	Created unnamed ImageStim = ImageStim(__class__=<class 'psychopy.visual.image.ImageStim'>, anchor=('center', 'center'), autoLog=True, color=array([1., 1., 1.]), colorSpace='rgb', contrast=1.0, depth=0, draggable=False, flipHoriz=False, flipVert=False, image=None, interpolate=False, mask=None, maskParams=None, name='unnamed ImageStim', opacity=1, ori=0.0, pos=array([0., 0.]), size=array([0.18, 0.18]), texRes=128, units='height', win=Window(...))
0.0346 	EXP 	Created unnamed ImageStim = ImageStim(__class__=<class 'psychopy.visual.image.ImageStim'>, anchor=('center', 'center'), autoLog=True, color=array([1., 1., 1.]), colorSpace='rgb', contrast=1.0, depth=0, draggable=False, flipHoriz=False, flipVert=False, image=None, interpolate=False, mask=None, maskParams=None, name='unnamed ImageStim', opacity=1, ori=0.0, pos=array([0., 0.]), size=array([1., 1.]), texRes=128, units='height', win=Window(...))
0.0499 	EXP 	Created unnamed TextStim = TextStim(__class__=<class 'psychopy.visual.text.TextStim'>, alignHoriz=method-wrapper(...), alignText='center', alignVert=method-wrapper(...), anchorHoriz='center', anchorVert='center', antialias=True, autoDraw=False, autoLog=True, bold=True, color=array([1., 1., 1.]), colorSpace='rgb', contrast=1.0, depth=0, draggable=False, flipHoriz=False, flipVert=False, font='', fontFiles=[], height=0.03, italic=False, languageStyle='LTR', name='unnamed TextStim', opacity=1.0, ori=0.0, pos=array([0., 0.]), rgb=UNKNOWN, text='', units='height', win=Window(...), wrapWidth=1)
0.0512 	EXP 	Created instrTxt = TextStim(__class__=<class 'psychopy.visual.text.TextStim'>, alignHoriz=method-wrapper(...), alignText='center', alignVert=method-wrapper(...), anchorHoriz='center', anchorVert='center', antialias=True, autoDraw=False, autoLog=True, bold=False, color=array([1., 1., 1.]), colorSpace='rgb', contrast=1.0, depth=0.0, draggable=False, flipHoriz=False, flipVert=False, font='Open Sans', fontFiles=[], height=0.03, italic=False, languageStyle='LTR', name='instrTxt', opacity=0.6, ori=0.0, pos=array([0. , 0.2]), rgb=UNKNOWN, text='', units='height', win=Window(...), wrapWidth=1)
0.0516 	EXP 	New trial (rep=0, index=0): <Trial 0 (0 in rep 0) data={'thisN': 0, 'thisTrialN': 0, 'thisRepN': 0}>
0.0518 	EXP 	New trial (rep=0, index=0): <Trial 0 (0 in rep 0) data={'thisN': 0, 'thisTrialN': 0, 'thisRepN': 0}>
0.0523 	INFO 	Keyboard events cleared
0.0602 	EXP 	unnamed Polygon: fillColor = [128, 115, 96]
0.0602 	EXP 	unnamed Polygon: autoDraw = True
0.0602 	EXP 	unnamed ImageStim: autoDraw = True
0.0725 	EXP 	unnamed Polygon: autoDraw = False
0.0725 	EXP 	unnamed ImageStim: autoDraw = False
0.1901 	INFO 	Keyboard events cleared
0.2059 	EXP 	unnamed ImageStim: image = 'stimuli/cubes/grayCube_Far.jpg'
0.2059 	EXP 	unnamed ImageStim: image = 'stimuli/cubes/die_Far.jpg'
0.2059 	EXP 	unnamed ImageStim: autoDraw = True
0.2059 	EXP 	unnamed ImageStim: autoDraw = True
3.1904 	INFO 	Keyboard events cleared
3.1912 	DATA 	Mouse: Left button down, pos=(221,300)
3.1915 	DATA 	Mouse:  Left button up, pos=(221,300)
3.1970 	EXP 	unnamed ImageStim: autoDraw = False
3.1970 	EXP 	unnamed ImageStim: autoDraw = False
3.1970 	EXP 	unnamed ImageStim: autoDraw = True
3.1970 	EXP 	unnamed ImageStim: autoDraw = True
3.4503 	EXP 	unnamed ImageStim: autoDraw = False
3.4503 	EXP 	unnamed ImageStim: autoDraw = False
3.6909 	INFO 	Keyboard events cleared
3.7041 	EXP 	unnamed Polygon: autoDraw = False
3.7041 	EXP 	unnamed ImageStim: autoDraw = False
3.7041 	EXP 	unnamed ImageStim: ori = 0
3.7041 	EXP 	unnamed Polygon: foreColor = [0, 128, 0]
3.7041 	EXP 	unnamed Polygon: fillColor = [0, 128, 0]
3.7041 	EXP 	unnamed Polygon: borderColor = [0, 128, 0]
3.7041 	EXP 	unnamed Polygon: color = [0, 128, 0]
3.7041 	EXP 	unnamed Polygon: autoDraw = True
3.7041 	EXP 	unnamed ImageStim: autoDraw = True
4.1913 	INFO 	Keyboard events cleared
4.1976 	EXP 	unnamed Polygon: autoDraw = False
4.1976 	EXP 	unnamed ImageStim: autoDraw = False
4.1976 	EXP 	unnamed Polygon: foreColor = [128, 115, 96]
4.1976 	EXP 	unnamed Polygon: fillColor = [128, 115, 96]
4.1976 	EXP 	unnamed Polygon: borderColor = [128, 115, 96]
4.1976 	EXP 	unnamed Polygon: color = [128, 115, 96]
4.1976 	EXP 	unnamed Polygon: autoDraw = True
4.1976 	EXP 	unnamed ImageStim: autoDraw = True
4.1976 	EXP 	unnamed ImageStim: autoDraw = False
4.1976 	EXP 	unnamed ImageStim: autoDraw = False
4.1990 	EXP 	New trial (rep=1, index=0): <Trial 1 (0 in rep 1) data={'thisN': 1, 'thisTrialN': 0, 'thisRepN': 1}>
4.1993 	INFO 	Keyboard events cleared
4.2097 	EXP 	unnamed Polygon: fillColor = [128, 115, 96]
4.2097 	EXP 	unnamed Polygon: autoDraw = True
4.2097 	EXP 	unnamed ImageStim: autoDraw = True
4.2234 	EXP 	unnamed Polygon: autoDraw = False
4.2234 	EXP 	unnamed ImageStim: autoDraw = False
4.3401 	INFO 	Keyboard events cleared
4.3540 	EXP 	unnamed ImageStim: image = 'stimuli/cubes/grayCube_Far.jpg'
4.3540 	EXP 	unnamed ImageStim: image = 'stimuli/cubes/die_Far.jpg'
4.3540 	EXP 	unnamed ImageStim: autoDraw = True
4.3540 	EXP 	unnamed ImageStim: autoDraw = True
7.3403 	INFO 	Keyboard events cleared
7.3467 	EXP 	unnamed ImageStim: autoDraw = False
7.3467 	EXP 	unnamed ImageStim: autoDraw = False
7.3467 	EXP 	unnamed ImageStim: autoDraw = True
7.3467 	EXP 	unnamed ImageStim: autoDraw = True
7.6009 	EXP 	unnamed ImageStim: autoDraw = False
7.6009 	EXP 	unnamed ImageStim: autoDraw = False
7.8408 	INFO 	Keyboard events cleared
7.8547 	EXP 	unnamed Polygon: autoDraw = False
7.8547 	EXP 	unnamed ImageStim: autoDraw = False
7.8547 	EXP 	unnamed ImageStim: ori = 0
7.8547 	EXP 	unnamed Polygon: foreColor = [0, 128, 0]
7.8547 	EXP 	unnamed Polygon: fillColor = [0, 128, 0]
7.8547 	EXP 	unnamed Polygon: borderColor = [0, 128, 0]
7.8547 	EXP 	unnamed Polygon: color = [0, 128, 0]
7.8547 	EXP 	unnamed Polygon: autoDraw = True
7.8547 	EXP 	unnamed ImageStim: autoDraw = True
8.3413 	INFO 	Keyboard events cleared
8.3618 	EXP 	unnamed Polygon: autoDraw = False
8.3618 	EXP 	unnamed ImageStim: autoDraw = False
8.3618 	EXP 	unnamed Polygon: foreColor = [128, 115, 96]
8.3618 	EXP 	unnamed Polygon: fillColor = [128, 115, 96]
8.3618 	EXP 	unnamed Polygon: borderColor = [128, 115, 96]
8.3618 	EXP 	unnamed Polygon: color = [128, 115, 96]
8.3618 	EXP 	unnamed Polygon: autoDraw = True
8.3618 	EXP 	unnamed ImageStim: autoDraw = True
8.3618 	EXP 	unnamed ImageStim: autoDraw = False
8.3618 	EXP 	unnamed ImageStim: autoDraw = False
8.3630 	EXP 	New trial (rep=2, index=0): <Trial 2 (0 in rep 2) data={'thisN': 2, 'thisTrialN': 0, 'thisRepN': 2}>
8.3634 	INFO 	Keyboard events cleared
8.3740 	EXP 	unnamed Polygon: fillColor = [128, 115, 96]
8.3740 	EXP 	unnamed Polygon: autoDraw = True
8.3740 	EXP 	unnamed ImageStim: autoDraw = True
8.3874 	EXP 	unnamed Polygon: autoDraw = False
8.3874 	EXP 	unnamed ImageStim: autoDraw = False
8.5100 	INFO 	Keyboard events cleared
8.5315 	EXP 	unnamed ImageStim: image = 'stimuli/cubes/grayCube_Far.jpg'
8.5315 	EXP 	unnamed ImageStim: image = 'stimuli/cubes/die_Far.jpg'
8.5315 	EXP 	unnamed ImageStim: autoDraw = True
8.5315 	EXP 	unnamed ImageStim: autoDraw = True
11.5102 	INFO 	Keyboard events cleared
11.5134 	DATA 	Mouse: Left button down, pos=(572,170)
11.5136 	DATA 	Mouse:  Left button up, pos=(572,170)
11.5253 	EXP 	unnamed ImageStim: autoDraw = False
11.5253 	EXP 	unnamed ImageStim: autoDraw = False
11.5253 	EXP 	unnamed ImageStim: autoDraw = True
11.5253 	EXP 	unnamed ImageStim: autoDraw = True
11.7643 	EXP 	unnamed ImageStim: autoDraw = False
11.7643 	EXP 	unnamed ImageStim: autoDraw = False
12.0107 	INFO 	Keyboard events cleared
12.0183 	EXP 	unnamed Polygon: autoDraw = False
12.0183 	EXP 	unnamed ImageStim: autoDraw = False
12.0183 	EXP 	unnamed ImageStim: ori = 0
12.0183 	EXP 	unnamed Polygon: foreColor = [0, 128, 0]
12.0183 	EXP 	unnamed Polygon: fillColor = [0, 128, 0]
12.0183 	EXP 	unnamed Polygon: borderColor = [0, 128, 0]
12.0183 	EXP 	unnamed Polygon: color = [0, 128, 0]
12.0183 	EXP 	unnamed Polygon: autoDraw = True
12.0183 	EXP 	unnamed ImageStim: autoDraw = True
12.5111 	INFO 	Keyboard events cleared
12.5258 	EXP 	unnamed Polygon: autoDraw = False
12.5258 	EXP 	unnamed ImageStim: autoDraw = False
12.5258 	EXP 	unnamed Polygon: foreColor = [128, 115, 96]
12.5258 	EXP 	unnamed Polygon: fillColor = [128, 115, 96]
12.5258 	EXP 	unnamed Polygon: borderColor = [128, 115, 96]
12.5258 	EXP 	unnamed Polygon: color = [128, 115, 96]
12.5258 	EXP 	unnamed Polygon: autoDraw = True
12.5258 	EXP 	unnamed ImageStim: autoDraw = True
12.5258 	EXP 	unnamed ImageStim: autoDraw = False
12.5258 	EXP 	unnamed ImageStim: autoDraw = False
12.5270 	EXP 	New trial (rep=3, index=0): <Trial 3 (0 in rep 3) data={'thisN': 3, 'thisTrialN': 0, 'thisRepN': 3}>
12.5273 	INFO 	Keyboard events cleared
12.5380 	EXP 	unnamed Polygon: fillColor = [128, 115, 96]
12.5380 	EXP 	unnamed Polygon: autoDraw = True
12.5380 	EXP 	unnamed ImageStim: autoDraw = True
12.5511 	EXP 	unnamed Polygon: autoDraw = False
12.5511 	EXP 	unnamed ImageStim: autoDraw = False
12.6667 	INFO 	Keyboard events cleared
12.6951 	EXP 	unnamed ImageStim: image = 'stimuli/cubes/grayCube_Far.jpg'
12.6951 	EXP 	unnamed ImageStim: image = 'stimuli/cubes/die_Far.jpg'
12.6951 	EXP 	unnamed ImageStim: autoDraw = True
12.6951 	EXP 	unnamed ImageStim: autoDraw = True
15.6669 	INFO 	Keyboard events cleared
15.6755 	EXP 	unnamed ImageStim: autoDraw = False
15.6755 	EXP 	unnamed ImageStim: autoDraw = False
15.6755 	EXP 	unnamed ImageStim: autoDraw = True
15.6755 	EXP 	unnamed ImageStim: autoDraw = True
15.9289 	EXP 	unnamed ImageStim: autoDraw = False
15.9289 	EXP 	unnamed ImageStim: autoDraw = False
16.1674 	INFO 	Keyboard events cleared
16.1824 	EXP 	unnamed Polygon: autoDraw = False
16.1824 	EXP 	unnamed ImageStim: autoDraw = False
16.1824 	EXP 	unnamed ImageStim: ori = 0
16.1824 	EXP 	unnamed Polygon: foreColor = [0, 128, 0]
16.1824 	EXP 	unnamed Polygon: fillColor = [0, 128, 0]
16.1824 	EXP 	unnamed Polygon: borderColor = [0, 128, 0]
16.1824 	EXP 	unnamed Polygon: color = [0, 128, 0]
16.1824 	EXP 	unnamed Polygon: autoDraw = True
16.1824 	EXP 	unnamed ImageStim: autoDraw = True
16.6678 	INFO 	Keyboard events cleared
16.6761 	EXP 	unnamed Polygon: autoDraw = False
16.6761 	EXP 	unnamed ImageStim: autoDraw = False
16.6761 	EXP 	unnamed Polygon: foreColor = [128, 115, 96]
16.6761 	EXP 	unnamed Polygon: fillColor = [128, 115, 96]
16.6761 	EXP 	unnamed Polygon: borderColor = [128, 115, 96]
16.6761 	EXP 	unnamed Polygon: color = [128, 115, 96]
16.6761 	EXP 	unnamed Polygon: autoDraw = True
16.6761 	EXP 	unnamed ImageStim: autoDraw = True
16.6761 	EXP 	unnamed ImageStim: autoDraw = False
16.6761 	EXP 	unnamed ImageStim: autoDraw = False
16.6772 	EXP 	New trial (rep=4, index=0): <Trial 4 (0 in rep 4) data={'thisN': 4, 'thisTrialN': 0, 'thisRepN': 4}>
16.6776 	INFO 	Keyboard events cleared
16.6881 	EXP 	unnamed Polygon: fillColor = [128, 115, 96]
16.6881 	EXP 	unnamed Polygon: autoDraw = True
16.6881 	EXP 	unnamed ImageStim: autoDraw = True
16.7015 	EXP 	unnamed Polygon: autoDraw = False
16.7015 	EXP 	unnamed ImageStim: autoDraw = False
16.8167 	INFO 	Keyboard events cleared
16.8454 	EXP 	unnamed ImageStim: image = 'stimuli/cubes/grayCube_Far.jpg'
16.8454 	EXP 	unnamed ImageStim: image = 'stimuli/cubes/die_Far.jpg'
16.8454 	EXP 	unnamed ImageStim: autoDraw = True
16.8454 	EXP 	unnamed ImageStim: autoDraw = True
19.8186 	EXP 	KeoghRevisedRetrocueTask: status = STOPPED
19.8192 	DATA 	Keypress: escape
19.8193 	DATA 	Keypress: escape
19.8196 	DATA 	Mouse: Left button down, pos=(224,40)
19.8198 	DATA 	Mouse:  Left button up, pos=(224,40)
19.8198 	DATA 	Keypress: escape
19.8201 	DATA 	Keypress: escape
19.8202 	DATA 	Mouse: Left button down, pos=(213,34)
19.8204 	DATA 	Mouse:  Left button up, pos=(213,34)
19.8205 	DATA 	Keypress: escape
19.8207 	DATA 	Mouse: Left button down, pos=(213,36)
19.8208 	DATA 	Mouse:  Left button up, pos=(213,36)
19.8209 	DATA 	Keypress: escape
19.8249 	EXP 	unnamed ImageStim: autoDraw = False
19.8249 	EXP 	unnamed ImageStim: autoDraw = False
19.8261 	EXP 	KeoghRevisedRetrocueTask: status = STOPPED
19.8295 	INFO 	saved data to 'C:\\Users\\cocon\\OneDrive\\Documents\\GitHub\\Kiyonaga-Lab\\PNR Project\\data/066860_KeoghRevisedRetrocueTask_2025-05-27_19h27.50.421.csv'
19.8304 	INFO 	saved data to C:\Users\cocon\OneDrive\Documents\GitHub\Kiyonaga-Lab\PNR Project\data/066860_KeoghRevisedRetrocueTask_2025-05-27_19h27.50.421.psydat
20.4327 	DEBUG 	Saving data for KeoghRevisedRetrocueTask ExperimentHandler
