5.1391 	DEBUG 	Fullscreen settings ignored as running in pilot mode.
5.1402 	INFO 	Loaded monitor calibration from ['2025_03_31 21:04']
5.4812 	EXP 	Created window1 = Window(allowGUI=False, allowStencil=False, autoLog=True, backendConf=UNKNOWN, backgroundFit=<method-wrapper '__getattribute__' of attributeSetter object at 0x00000251A4B53CD0>, backgroundImage=<method-wrapper '__getattribute__' of attributeSetter object at 0x00000251A4B53D30>, bitsMode=UNKNOWN, blendMode='avg', bpc=(8, 8, 8), color=array([0, 0, 0]), colorSpace='rgb', depthBits=8, fullscr=False, gamma=None, gammaErrorPolicy='raise', infoMsg=UNKNOWN, lms=UNKNOWN, monitor=<psychopy.monitors.calibTools.Monitor object at 0x00000251A4BE9510>, multiSample=False, name='window1', numSamples=2, pos=[560.0, 300.0], screen=0, size=array([800, 600]), stencilBits=0, stereo=False, title='PsychoPy', units='height', useFBO=True, useRetina=False, viewOri=0.0, viewPos=None, viewScale=None, waitBlanking=True, winType='pyglet')
5.4813 	EXP 	window1: backgroundImage = ''
5.4813 	EXP 	window1: backgroundFit = 'none'
5.4924 	DEBUG 	TextBox2 loaded 1 chars with 0 blanks and 1 valid
5.4931 	DEBUG 	TextBox2 loaded 1 chars with 0 blanks and 1 valid
5.4938 	DEBUG 	TextBox2 loaded 1 chars with 0 blanks and 1 valid
5.4945 	DEBUG 	TextBox2 loaded 1 chars with 0 blanks and 1 valid
5.4953 	DEBUG 	TextBox2 loaded 1 chars with 0 blanks and 1 valid
5.4958 	DEBUG 	TextBox2 loaded 1 chars with 0 blanks and 1 valid
5.4964 	DEBUG 	TextBox2 loaded 1 chars with 0 blanks and 1 valid
5.4971 	DEBUG 	TextBox2 loaded 1 chars with 0 blanks and 1 valid
5.4974 	DEBUG 	TextBox2 loaded 1 chars with 0 blanks and 1 valid
5.4977 	DEBUG 	TextBox2 loaded 1 chars with 0 blanks and 1 valid
5.4983 	DEBUG 	TextBox2 loaded 1 chars with 0 blanks and 1 valid
5.4990 	DEBUG 	TextBox2 loaded 1 chars with 0 blanks and 1 valid
5.4995 	DEBUG 	TextBox2 loaded 1 chars with 0 blanks and 1 valid
5.5002 	DEBUG 	TextBox2 loaded 1 chars with 0 blanks and 1 valid
5.5007 	DEBUG 	TextBox2 loaded 1 chars with 0 blanks and 1 valid
5.5013 	DEBUG 	TextBox2 loaded 1 chars with 0 blanks and 1 valid
5.5019 	DEBUG 	TextBox2 loaded 1 chars with 0 blanks and 1 valid
5.5023 	DEBUG 	TextBox2 loaded 1 chars with 0 blanks and 1 valid
5.5027 	DEBUG 	TextBox2 loaded 1 chars with 0 blanks and 1 valid
5.5035 	DEBUG 	TextBox2 loaded 1 chars with 0 blanks and 1 valid
5.5040 	DEBUG 	TextBox2 loaded 1 chars with 0 blanks and 1 valid
5.5044 	DEBUG 	Uploading Texture Font fontname to graphics card
5.5064 	DEBUG 	Upload of Texture Font fontname complete
5.5126 	DEBUG 	TextBox2 loaded 1 chars with 0 blanks and 1 valid
5.5135 	DEBUG 	TextBox2 loaded 1 chars with 0 blanks and 1 valid
5.5143 	DEBUG 	TextBox2 loaded 1 chars with 0 blanks and 1 valid
5.5145 	DEBUG 	Uploading Texture Font fontname to graphics card
5.5155 	DEBUG 	Upload of Texture Font fontname complete
5.5177 	EXP 	window1: Attempting to measure frame rate of screen (0) ...
5.5178 	EXP 	window1: recordFrameIntervals = False
5.7028 	EXP 	window1: recordFrameIntervals = True
5.8861 	EXP 	Screen (0) actual frame rate measured at 60.04Hz
5.8862 	EXP 	window1: recordFrameIntervals = False
5.8910 	DEBUG 	TextBox2 loaded 1 chars with 0 blanks and 1 valid
5.8914 	DEBUG 	TextBox2 loaded 1 chars with 0 blanks and 1 valid
5.8921 	DEBUG 	TextBox2 loaded 1 chars with 0 blanks and 1 valid
5.8929 	DEBUG 	TextBox2 loaded 1 chars with 0 blanks and 1 valid
5.8936 	DEBUG 	TextBox2 loaded 1 chars with 0 blanks and 1 valid
5.8944 	DEBUG 	TextBox2 loaded 1 chars with 0 blanks and 1 valid
5.8949 	DEBUG 	TextBox2 loaded 1 chars with 0 blanks and 1 valid
5.8960 	DEBUG 	TextBox2 loaded 1 chars with 0 blanks and 1 valid
5.8972 	DEBUG 	TextBox2 loaded 1 chars with 0 blanks and 1 valid
5.8983 	DEBUG 	TextBox2 loaded 1 chars with 0 blanks and 1 valid
5.8987 	DEBUG 	Uploading Texture Font fontname to graphics card
5.8999 	DEBUG 	Upload of Texture Font fontname complete
5.9150 	WARNING 	launchHubServer: If using the iohub mouse or eyetracker devices, fullScr should be True.
8.8109 	INFO 	keyboard.Keyboard is using iohub backend.
8.8109 	EXP 	KeoghRevisedRetrocueTask: status = STARTED
8.8316 	INFO 	keyboard.Keyboard is using iohub backend.
0.0391 	EXP 	Created unnamed ImageStim = ImageStim(__class__=<class 'psychopy.visual.image.ImageStim'>, anchor=('center', 'center'), autoLog=True, color=array([1., 1., 1.]), colorSpace='rgb', contrast=1.0, depth=0, draggable=False, flipHoriz=False, flipVert=False, image='visualObj/fixCirc.png', interpolate=False, mask=None, maskParams=None, name='unnamed ImageStim', opacity=1, ori=0.0, pos=array([0., 0.]), size=array([0.12, 0.12]), texRes=128, units='height', win=Window(...))
0.0512 	EXP 	Created unnamed ImageStim = ImageStim(__class__=<class 'psychopy.visual.image.ImageStim'>, anchor=('center', 'center'), autoLog=True, color=array([1., 1., 1.]), colorSpace='rgb', contrast=1.0, depth=0, draggable=False, flipHoriz=False, flipVert=False, image='visualObj/retrocue.png', interpolate=False, mask=None, maskParams=None, name='unnamed ImageStim', opacity=1, ori=0.0, pos=array([0., 0.]), size=array([0.12, 0.12]), texRes=128, units='height', win=Window(...))
0.0538 	EXP 	Created unnamed Polygon = Polygon(__class__=<class 'psychopy.visual.polygon.Polygon'>, anchor=('center', 'center'), autoDraw=False, autoLog=True, closeShape=True, color=method-wrapper(...), colorSpace='rgb255', contrast=None, depth=0, draggable=False, fillColor=array([128, 115,  96]), fillColorSpace='rgb255', fillRGB=array([ 0.00392157, -0.09803922, -0.24705882]), interpolate=True, lineColor=array([255., 255., 255.]), lineColorSpace='rgb255', lineRGB=array([1, 1, 1]), lineWidth=1.5, name='unnamed Polygon', opacity=1, ori=45.0, pos=array([0., 0.]), size=array([0.06, 0.06]), units='height', vertices=ndarray(...), win=Window(...))
0.0546 	EXP 	Created unnamed ImageStim = ImageStim(__class__=<class 'psychopy.visual.image.ImageStim'>, anchor=('center', 'center'), autoLog=True, color=array([1., 1., 1.]), colorSpace='rgb', contrast=1.0, depth=0, draggable=False, flipHoriz=False, flipVert=False, image=None, interpolate=False, mask=None, maskParams=None, name='unnamed ImageStim', opacity=1, ori=0.0, pos=array([0., 0.]), size=array([1., 1.]), texRes=128, units='height', win=Window(...))
0.0553 	EXP 	Created unnamed ImageStim = ImageStim(__class__=<class 'psychopy.visual.image.ImageStim'>, anchor=('center', 'center'), autoLog=True, color=array([1., 1., 1.]), colorSpace='rgb', contrast=1.0, depth=0, draggable=False, flipHoriz=False, flipVert=False, image=None, interpolate=False, mask=None, maskParams=None, name='unnamed ImageStim', opacity=1, ori=0.0, pos=array([0., 0.]), size=array([1., 1.]), texRes=128, units='height', win=Window(...))
0.0581 	EXP 	Created unnamed ImageStim = ImageStim(__class__=<class 'psychopy.visual.image.ImageStim'>, anchor=('center', 'center'), autoLog=True, color=array([1., 1., 1.]), colorSpace='rgb', contrast=1.0, depth=0, draggable=False, flipHoriz=False, flipVert=False, image='visualObj/noiseGauss50.png', interpolate=False, mask=None, maskParams=None, name='unnamed ImageStim', opacity=1, ori=0.0, pos=array([0., 0.]), size=array([0.42666667, 0.42666667]), texRes=128, units='height', win=Window(...))
0.0605 	EXP 	Created unnamed ImageStim = ImageStim(__class__=<class 'psychopy.visual.image.ImageStim'>, anchor=('center', 'center'), autoLog=True, color=array([1., 1., 1.]), colorSpace='rgb', contrast=1.0, depth=0, draggable=False, flipHoriz=False, flipVert=False, image='visualObj/noiseGauss50.png', interpolate=False, mask=None, maskParams=None, name='unnamed ImageStim', opacity=1, ori=0.0, pos=array([0., 0.]), size=array([0.42666667, 0.42666667]), texRes=128, units='height', win=Window(...))
0.0613 	EXP 	Created unnamed ImageStim = ImageStim(__class__=<class 'psychopy.visual.image.ImageStim'>, anchor=('center', 'center'), autoLog=True, color=array([1., 1., 1.]), colorSpace='rgb', contrast=1.0, depth=0, draggable=False, flipHoriz=False, flipVert=False, image=None, interpolate=False, mask=None, maskParams=None, name='unnamed ImageStim', opacity=1, ori=0.0, pos=array([0., 0.]), size=array([0.18, 0.18]), texRes=128, units='height', win=Window(...))
0.0619 	EXP 	Created unnamed ImageStim = ImageStim(__class__=<class 'psychopy.visual.image.ImageStim'>, anchor=('center', 'center'), autoLog=True, color=array([1., 1., 1.]), colorSpace='rgb', contrast=1.0, depth=0, draggable=False, flipHoriz=False, flipVert=False, image=None, interpolate=False, mask=None, maskParams=None, name='unnamed ImageStim', opacity=1, ori=0.0, pos=array([0., 0.]), size=array([0.18, 0.18]), texRes=128, units='height', win=Window(...))
0.0626 	EXP 	Created unnamed ImageStim = ImageStim(__class__=<class 'psychopy.visual.image.ImageStim'>, anchor=('center', 'center'), autoLog=True, color=array([1., 1., 1.]), colorSpace='rgb', contrast=1.0, depth=0, draggable=False, flipHoriz=False, flipVert=False, image=None, interpolate=False, mask=None, maskParams=None, name='unnamed ImageStim', opacity=1, ori=0.0, pos=array([0., 0.]), size=array([0.18, 0.18]), texRes=128, units='height', win=Window(...))
0.0632 	EXP 	Created unnamed ImageStim = ImageStim(__class__=<class 'psychopy.visual.image.ImageStim'>, anchor=('center', 'center'), autoLog=True, color=array([1., 1., 1.]), colorSpace='rgb', contrast=1.0, depth=0, draggable=False, flipHoriz=False, flipVert=False, image=None, interpolate=False, mask=None, maskParams=None, name='unnamed ImageStim', opacity=1, ori=0.0, pos=array([0., 0.]), size=array([0.18, 0.18]), texRes=128, units='height', win=Window(...))
0.0639 	EXP 	Created unnamed ImageStim = ImageStim(__class__=<class 'psychopy.visual.image.ImageStim'>, anchor=('center', 'center'), autoLog=True, color=array([1., 1., 1.]), colorSpace='rgb', contrast=1.0, depth=0, draggable=False, flipHoriz=False, flipVert=False, image=None, interpolate=False, mask=None, maskParams=None, name='unnamed ImageStim', opacity=1, ori=0.0, pos=array([0., 0.]), size=array([0.18, 0.18]), texRes=128, units='height', win=Window(...))
0.0646 	EXP 	Created unnamed ImageStim = ImageStim(__class__=<class 'psychopy.visual.image.ImageStim'>, anchor=('center', 'center'), autoLog=True, color=array([1., 1., 1.]), colorSpace='rgb', contrast=1.0, depth=0, draggable=False, flipHoriz=False, flipVert=False, image=None, interpolate=False, mask=None, maskParams=None, name='unnamed ImageStim', opacity=1, ori=0.0, pos=array([0., 0.]), size=array([0.18, 0.18]), texRes=128, units='height', win=Window(...))
0.0653 	EXP 	Created unnamed ImageStim = ImageStim(__class__=<class 'psychopy.visual.image.ImageStim'>, anchor=('center', 'center'), autoLog=True, color=array([1., 1., 1.]), colorSpace='rgb', contrast=1.0, depth=0, draggable=False, flipHoriz=False, flipVert=False, image=None, interpolate=False, mask=None, maskParams=None, name='unnamed ImageStim', opacity=1, ori=0.0, pos=array([0., 0.]), size=array([1., 1.]), texRes=128, units='height', win=Window(...))
0.0889 	EXP 	Created unnamed TextStim = TextStim(__class__=<class 'psychopy.visual.text.TextStim'>, alignHoriz=method-wrapper(...), alignText='center', alignVert=method-wrapper(...), anchorHoriz='center', anchorVert='center', antialias=True, autoDraw=False, autoLog=True, bold=True, color=array([1., 1., 1.]), colorSpace='rgb', contrast=1.0, depth=0, draggable=False, flipHoriz=False, flipVert=False, font='', fontFiles=[], height=0.03, italic=False, languageStyle='LTR', name='unnamed TextStim', opacity=1.0, ori=0.0, pos=array([0., 0.]), rgb=UNKNOWN, text='', units='height', win=Window(...), wrapWidth=1)
0.0908 	EXP 	Created instrTxt = TextStim(__class__=<class 'psychopy.visual.text.TextStim'>, alignHoriz=method-wrapper(...), alignText='center', alignVert=method-wrapper(...), anchorHoriz='center', anchorVert='center', antialias=True, autoDraw=False, autoLog=True, bold=False, color=array([1., 1., 1.]), colorSpace='rgb', contrast=1.0, depth=0.0, draggable=False, flipHoriz=False, flipVert=False, font='Open Sans', fontFiles=[], height=0.03, italic=False, languageStyle='LTR', name='instrTxt', opacity=0.6, ori=0.0, pos=array([0. , 0.2]), rgb=UNKNOWN, text='', units='height', win=Window(...), wrapWidth=1)
0.0916 	EXP 	New trial (rep=0, index=0): <Trial 0 (0 in rep 0) data={'thisN': 0, 'thisTrialN': 0, 'thisRepN': 0}>
0.0920 	EXP 	New trial (rep=0, index=0): <Trial 0 (0 in rep 0) data={'thisN': 0, 'thisTrialN': 0, 'thisRepN': 0}>
0.0928 	INFO 	Keyboard events cleared
0.1045 	EXP 	unnamed Polygon: fillColor = [128, 115, 96]
0.1045 	EXP 	unnamed Polygon: autoDraw = True
0.1045 	EXP 	unnamed ImageStim: autoDraw = True
0.1192 	EXP 	unnamed Polygon: autoDraw = False
0.1192 	EXP 	unnamed ImageStim: autoDraw = False
0.7938 	INFO 	Keyboard events cleared
0.9001 	EXP 	unnamed ImageStim: image = 'stimuli/cubes/pexels-shvetsa-4971990_Middle.jpg'
0.9001 	EXP 	unnamed ImageStim: image = 'stimuli/cubes/die2_Far.jpg'
0.9001 	EXP 	unnamed ImageStim: autoDraw = True
0.9001 	EXP 	unnamed ImageStim: autoDraw = True
3.7945 	INFO 	Keyboard events cleared
3.8041 	EXP 	unnamed ImageStim: autoDraw = False
3.8041 	EXP 	unnamed ImageStim: autoDraw = False
3.8041 	EXP 	unnamed ImageStim: autoDraw = True
3.8041 	EXP 	unnamed ImageStim: autoDraw = True
4.0534 	EXP 	unnamed ImageStim: autoDraw = False
4.0534 	EXP 	unnamed ImageStim: autoDraw = False
4.2957 	INFO 	Keyboard events cleared
4.3024 	EXP 	unnamed Polygon: autoDraw = False
4.3024 	EXP 	unnamed ImageStim: autoDraw = False
4.3024 	EXP 	unnamed ImageStim: ori = 0
4.3024 	EXP 	unnamed Polygon: foreColor = [0, 128, 0]
4.3024 	EXP 	unnamed Polygon: fillColor = [0, 128, 0]
4.3024 	EXP 	unnamed Polygon: borderColor = [0, 128, 0]
4.3024 	EXP 	unnamed Polygon: color = [0, 128, 0]
4.3024 	EXP 	unnamed Polygon: autoDraw = True
4.3024 	EXP 	unnamed ImageStim: autoDraw = True
4.7961 	INFO 	Keyboard events cleared
4.8035 	EXP 	unnamed Polygon: autoDraw = False
4.8035 	EXP 	unnamed ImageStim: autoDraw = False
4.8035 	EXP 	unnamed Polygon: foreColor = [128, 115, 96]
4.8035 	EXP 	unnamed Polygon: fillColor = [128, 115, 96]
4.8035 	EXP 	unnamed Polygon: borderColor = [128, 115, 96]
4.8035 	EXP 	unnamed Polygon: color = [128, 115, 96]
4.8035 	EXP 	unnamed Polygon: autoDraw = True
4.8035 	EXP 	unnamed ImageStim: autoDraw = True
4.8035 	EXP 	unnamed ImageStim: autoDraw = False
4.8035 	EXP 	unnamed ImageStim: autoDraw = False
4.8073 	EXP 	New trial (rep=1, index=0): <Trial 1 (0 in rep 1) data={'thisN': 1, 'thisTrialN': 0, 'thisRepN': 1}>
4.8082 	INFO 	Keyboard events cleared
4.8199 	EXP 	unnamed Polygon: fillColor = [128, 115, 96]
4.8199 	EXP 	unnamed Polygon: autoDraw = True
4.8199 	EXP 	unnamed ImageStim: autoDraw = True
4.8372 	EXP 	unnamed Polygon: autoDraw = False
4.8372 	EXP 	unnamed ImageStim: autoDraw = False
5.5034 	INFO 	Keyboard events cleared
5.5459 	EXP 	unnamed ImageStim: image = 'stimuli/cubes/pexels-shvetsa-4971990_Middle.jpg'
5.5459 	EXP 	unnamed ImageStim: image = 'stimuli/cubes/die2_Far.jpg'
5.5459 	EXP 	unnamed ImageStim: autoDraw = True
5.5459 	EXP 	unnamed ImageStim: autoDraw = True
8.5040 	INFO 	Keyboard events cleared
8.5212 	EXP 	unnamed ImageStim: autoDraw = False
8.5212 	EXP 	unnamed ImageStim: autoDraw = False
8.5212 	EXP 	unnamed ImageStim: autoDraw = True
8.5212 	EXP 	unnamed ImageStim: autoDraw = True
8.7697 	EXP 	unnamed ImageStim: autoDraw = False
8.7697 	EXP 	unnamed ImageStim: autoDraw = False
9.0051 	INFO 	Keyboard events cleared
9.0190 	EXP 	unnamed Polygon: autoDraw = False
9.0190 	EXP 	unnamed ImageStim: autoDraw = False
9.0190 	EXP 	unnamed ImageStim: ori = 0
9.0190 	EXP 	unnamed Polygon: foreColor = [0, 128, 0]
9.0190 	EXP 	unnamed Polygon: fillColor = [0, 128, 0]
9.0190 	EXP 	unnamed Polygon: borderColor = [0, 128, 0]
9.0190 	EXP 	unnamed Polygon: color = [0, 128, 0]
9.0190 	EXP 	unnamed Polygon: autoDraw = True
9.0190 	EXP 	unnamed ImageStim: autoDraw = True
9.5057 	INFO 	Keyboard events cleared
9.5192 	EXP 	unnamed Polygon: autoDraw = False
9.5192 	EXP 	unnamed ImageStim: autoDraw = False
9.5192 	EXP 	unnamed Polygon: foreColor = [128, 115, 96]
9.5192 	EXP 	unnamed Polygon: fillColor = [128, 115, 96]
9.5192 	EXP 	unnamed Polygon: borderColor = [128, 115, 96]
9.5192 	EXP 	unnamed Polygon: color = [128, 115, 96]
9.5192 	EXP 	unnamed Polygon: autoDraw = True
9.5192 	EXP 	unnamed ImageStim: autoDraw = True
9.5192 	EXP 	unnamed ImageStim: autoDraw = False
9.5192 	EXP 	unnamed ImageStim: autoDraw = False
9.5212 	EXP 	New trial (rep=2, index=0): <Trial 2 (0 in rep 2) data={'thisN': 2, 'thisTrialN': 0, 'thisRepN': 2}>
9.5218 	INFO 	Keyboard events cleared
9.5355 	EXP 	unnamed Polygon: fillColor = [128, 115, 96]
9.5355 	EXP 	unnamed Polygon: autoDraw = True
9.5355 	EXP 	unnamed ImageStim: autoDraw = True
9.5522 	EXP 	unnamed Polygon: autoDraw = False
9.5522 	EXP 	unnamed ImageStim: autoDraw = False
10.0658 	INFO 	Keyboard events cleared
10.1066 	EXP 	unnamed ImageStim: image = 'stimuli/cubes/pexels-shvetsa-4971990_Middle.jpg'
10.1066 	EXP 	unnamed ImageStim: image = 'stimuli/cubes/die2_Far.jpg'
10.1066 	EXP 	unnamed ImageStim: autoDraw = True
10.1066 	EXP 	unnamed ImageStim: autoDraw = True
13.0682 	EXP 	KeoghRevisedRetrocueTask: status = STOPPED
13.0687 	DATA 	Keypress: escape
13.0876 	EXP 	unnamed ImageStim: autoDraw = False
13.0876 	EXP 	unnamed ImageStim: autoDraw = False
13.0891 	EXP 	KeoghRevisedRetrocueTask: status = STOPPED
13.1346 	INFO 	saved data to 'C:\\Users\\cocon\\OneDrive\\Documents\\GitHub\\Kiyonaga-Lab\\PNR Project\\data/317746_KeoghRevisedRetrocueTask_2025-05-05_18h03.47.434.csv'
13.1354 	INFO 	saved data to C:\Users\cocon\OneDrive\Documents\GitHub\Kiyonaga-Lab\PNR Project\data/317746_KeoghRevisedRetrocueTask_2025-05-05_18h03.47.434.psydat
13.4384 	DEBUG 	Saving data for KeoghRevisedRetrocueTask ExperimentHandler
