4.2030 	DEBUG 	Fullscreen settings ignored as running in pilot mode.
4.2096 	INFO 	Loaded monitor calibration from ['2025_04_06 13:23']
4.7090 	EXP 	Created window1 = Window(allowGUI=False, allowStencil=False, autoLog=True, backendConf=UNKNOWN, backgroundFit=<method-wrapper '__getattribute__' of attributeSetter object at 0x0000021B8FE3B7C0>, backgroundImage=<method-wrapper '__getattribute__' of attributeSetter object at 0x0000021B8FE3B820>, bitsMode=UNKNOWN, blendMode='avg', bpc=(8, 8, 8), color=array([0, 0, 0]), colorSpace='rgb', depthBits=8, fullscr=False, gamma=None, gammaErrorPolicy='raise', infoMsg=UNKNOWN, lms=UNKNOWN, monitor=<psychopy.monitors.calibTools.Monitor object at 0x0000021B8FED4E20>, multiSample=False, name='window1', numSamples=2, pos=[560.0, 240.0], screen=0, size=array([800, 600]), stencilBits=0, stereo=False, title='PsychoPy', units='height', useFBO=True, useRetina=False, viewOri=0.0, viewPos=None, viewScale=None, waitBlanking=True, winType='pyglet')
4.7091 	EXP 	window1: backgroundImage = ''
4.7091 	EXP 	window1: backgroundFit = 'none'
4.7148 	DEBUG 	TextBox2 loaded 1 chars with 0 blanks and 1 valid
4.7153 	DEBUG 	TextBox2 loaded 1 chars with 0 blanks and 1 valid
4.7157 	DEBUG 	TextBox2 loaded 1 chars with 0 blanks and 1 valid
4.7163 	DEBUG 	TextBox2 loaded 1 chars with 0 blanks and 1 valid
4.7168 	DEBUG 	TextBox2 loaded 1 chars with 0 blanks and 1 valid
4.7171 	DEBUG 	TextBox2 loaded 1 chars with 0 blanks and 1 valid
4.7175 	DEBUG 	TextBox2 loaded 1 chars with 0 blanks and 1 valid
4.7180 	DEBUG 	TextBox2 loaded 1 chars with 0 blanks and 1 valid
4.7182 	DEBUG 	TextBox2 loaded 1 chars with 0 blanks and 1 valid
4.7185 	DEBUG 	TextBox2 loaded 1 chars with 0 blanks and 1 valid
4.7189 	DEBUG 	TextBox2 loaded 1 chars with 0 blanks and 1 valid
4.7193 	DEBUG 	TextBox2 loaded 1 chars with 0 blanks and 1 valid
4.7197 	DEBUG 	TextBox2 loaded 1 chars with 0 blanks and 1 valid
4.7201 	DEBUG 	TextBox2 loaded 1 chars with 0 blanks and 1 valid
4.7205 	DEBUG 	TextBox2 loaded 1 chars with 0 blanks and 1 valid
4.7209 	DEBUG 	TextBox2 loaded 1 chars with 0 blanks and 1 valid
4.7213 	DEBUG 	TextBox2 loaded 1 chars with 0 blanks and 1 valid
4.7216 	DEBUG 	TextBox2 loaded 1 chars with 0 blanks and 1 valid
4.7219 	DEBUG 	TextBox2 loaded 1 chars with 0 blanks and 1 valid
4.7224 	DEBUG 	TextBox2 loaded 1 chars with 0 blanks and 1 valid
4.7227 	DEBUG 	TextBox2 loaded 1 chars with 0 blanks and 1 valid
4.7232 	DEBUG 	Uploading Texture Font fontname to graphics card
4.7241 	DEBUG 	Upload of Texture Font fontname complete
4.7285 	DEBUG 	TextBox2 loaded 1 chars with 0 blanks and 1 valid
4.7290 	DEBUG 	TextBox2 loaded 1 chars with 0 blanks and 1 valid
4.7296 	DEBUG 	TextBox2 loaded 1 chars with 0 blanks and 1 valid
4.7297 	DEBUG 	Uploading Texture Font fontname to graphics card
4.7301 	DEBUG 	Upload of Texture Font fontname complete
4.7313 	EXP 	window1: Attempting to measure frame rate of screen (0) ...
4.7313 	EXP 	window1: recordFrameIntervals = False
4.8666 	EXP 	window1: recordFrameIntervals = True
5.0136 	EXP 	Screen (0) actual frame rate measured at 74.86Hz
5.0136 	EXP 	window1: recordFrameIntervals = False
5.0166 	DEBUG 	TextBox2 loaded 1 chars with 0 blanks and 1 valid
5.0169 	DEBUG 	TextBox2 loaded 1 chars with 0 blanks and 1 valid
5.0174 	DEBUG 	TextBox2 loaded 1 chars with 0 blanks and 1 valid
5.0180 	DEBUG 	TextBox2 loaded 1 chars with 0 blanks and 1 valid
5.0185 	DEBUG 	TextBox2 loaded 1 chars with 0 blanks and 1 valid
5.0191 	DEBUG 	TextBox2 loaded 1 chars with 0 blanks and 1 valid
5.0194 	DEBUG 	TextBox2 loaded 1 chars with 0 blanks and 1 valid
5.0199 	DEBUG 	TextBox2 loaded 1 chars with 0 blanks and 1 valid
5.0204 	DEBUG 	TextBox2 loaded 1 chars with 0 blanks and 1 valid
5.0210 	DEBUG 	TextBox2 loaded 1 chars with 0 blanks and 1 valid
5.0211 	DEBUG 	Uploading Texture Font fontname to graphics card
5.0215 	DEBUG 	Upload of Texture Font fontname complete
5.0597 	WARNING 	launchHubServer: If using the iohub mouse or eyetracker devices, fullScr should be True.
7.0597 	INFO 	keyboard.Keyboard is using iohub backend.
7.0598 	EXP 	KeoghRevisedRetrocueTask: status = STARTED
7.0850 	INFO 	keyboard.Keyboard is using iohub backend.
0.0248 	EXP 	Created unnamed ImageStim = ImageStim(__class__=<class 'psychopy.visual.image.ImageStim'>, anchor=('center', 'center'), autoLog=True, color=array([1., 1., 1.]), colorSpace='rgb', contrast=1.0, depth=0, draggable=False, flipHoriz=False, flipVert=False, image='visualObj/fixCirc.png', interpolate=False, mask=None, maskParams=None, name='unnamed ImageStim', opacity=1, ori=0.0, pos=array([0., 0.]), size=array([0.12, 0.12]), texRes=128, units='height', win=Window(...))
0.0329 	EXP 	Created unnamed ImageStim = ImageStim(__class__=<class 'psychopy.visual.image.ImageStim'>, anchor=('center', 'center'), autoLog=True, color=array([1., 1., 1.]), colorSpace='rgb', contrast=1.0, depth=0, draggable=False, flipHoriz=False, flipVert=False, image='visualObj/retrocue.png', interpolate=False, mask=None, maskParams=None, name='unnamed ImageStim', opacity=1, ori=0.0, pos=array([0., 0.]), size=array([0.12, 0.12]), texRes=128, units='height', win=Window(...))
0.0352 	EXP 	Created unnamed Polygon = Polygon(__class__=<class 'psychopy.visual.polygon.Polygon'>, anchor=('center', 'center'), autoDraw=False, autoLog=True, closeShape=True, color=method-wrapper(...), colorSpace='rgb255', contrast=None, depth=0, draggable=False, fillColor=array([128, 115,  96]), fillColorSpace='rgb255', fillRGB=array([ 0.00392157, -0.09803922, -0.24705882]), interpolate=True, lineColor=array([255., 255., 255.]), lineColorSpace='rgb255', lineRGB=array([1, 1, 1]), lineWidth=1.5, name='unnamed Polygon', opacity=1, ori=45.0, pos=array([0., 0.]), size=array([0.06, 0.06]), units='height', vertices=ndarray(...), win=Window(...))
0.0358 	EXP 	Created unnamed ImageStim = ImageStim(__class__=<class 'psychopy.visual.image.ImageStim'>, anchor=('center', 'center'), autoLog=True, color=array([1., 1., 1.]), colorSpace='rgb', contrast=1.0, depth=0, draggable=False, flipHoriz=False, flipVert=False, image=None, interpolate=False, mask=None, maskParams=None, name='unnamed ImageStim', opacity=1, ori=0.0, pos=array([0., 0.]), size=array([1., 1.]), texRes=128, units='height', win=Window(...))
0.0363 	EXP 	Created unnamed ImageStim = ImageStim(__class__=<class 'psychopy.visual.image.ImageStim'>, anchor=('center', 'center'), autoLog=True, color=array([1., 1., 1.]), colorSpace='rgb', contrast=1.0, depth=0, draggable=False, flipHoriz=False, flipVert=False, image=None, interpolate=False, mask=None, maskParams=None, name='unnamed ImageStim', opacity=1, ori=0.0, pos=array([0., 0.]), size=array([1., 1.]), texRes=128, units='height', win=Window(...))
0.0391 	EXP 	Created unnamed ImageStim = ImageStim(__class__=<class 'psychopy.visual.image.ImageStim'>, anchor=('center', 'center'), autoLog=True, color=array([1., 1., 1.]), colorSpace='rgb', contrast=1.0, depth=0, draggable=False, flipHoriz=False, flipVert=False, image='visualObj/noiseGauss50.png', interpolate=False, mask=None, maskParams=None, name='unnamed ImageStim', opacity=1, ori=0.0, pos=array([0., 0.]), size=array([0.42666667, 0.42666667]), texRes=128, units='height', win=Window(...))
0.0410 	EXP 	Created unnamed ImageStim = ImageStim(__class__=<class 'psychopy.visual.image.ImageStim'>, anchor=('center', 'center'), autoLog=True, color=array([1., 1., 1.]), colorSpace='rgb', contrast=1.0, depth=0, draggable=False, flipHoriz=False, flipVert=False, image='visualObj/noiseGauss50.png', interpolate=False, mask=None, maskParams=None, name='unnamed ImageStim', opacity=1, ori=0.0, pos=array([0., 0.]), size=array([0.42666667, 0.42666667]), texRes=128, units='height', win=Window(...))
0.0415 	EXP 	Created unnamed ImageStim = ImageStim(__class__=<class 'psychopy.visual.image.ImageStim'>, anchor=('center', 'center'), autoLog=True, color=array([1., 1., 1.]), colorSpace='rgb', contrast=1.0, depth=0, draggable=False, flipHoriz=False, flipVert=False, image=None, interpolate=False, mask=None, maskParams=None, name='unnamed ImageStim', opacity=1, ori=0.0, pos=array([0., 0.]), size=array([0.18, 0.18]), texRes=128, units='height', win=Window(...))
0.0420 	EXP 	Created unnamed ImageStim = ImageStim(__class__=<class 'psychopy.visual.image.ImageStim'>, anchor=('center', 'center'), autoLog=True, color=array([1., 1., 1.]), colorSpace='rgb', contrast=1.0, depth=0, draggable=False, flipHoriz=False, flipVert=False, image=None, interpolate=False, mask=None, maskParams=None, name='unnamed ImageStim', opacity=1, ori=0.0, pos=array([0., 0.]), size=array([0.18, 0.18]), texRes=128, units='height', win=Window(...))
0.0425 	EXP 	Created unnamed ImageStim = ImageStim(__class__=<class 'psychopy.visual.image.ImageStim'>, anchor=('center', 'center'), autoLog=True, color=array([1., 1., 1.]), colorSpace='rgb', contrast=1.0, depth=0, draggable=False, flipHoriz=False, flipVert=False, image=None, interpolate=False, mask=None, maskParams=None, name='unnamed ImageStim', opacity=1, ori=0.0, pos=array([0., 0.]), size=array([0.18, 0.18]), texRes=128, units='height', win=Window(...))
0.0429 	EXP 	Created unnamed ImageStim = ImageStim(__class__=<class 'psychopy.visual.image.ImageStim'>, anchor=('center', 'center'), autoLog=True, color=array([1., 1., 1.]), colorSpace='rgb', contrast=1.0, depth=0, draggable=False, flipHoriz=False, flipVert=False, image=None, interpolate=False, mask=None, maskParams=None, name='unnamed ImageStim', opacity=1, ori=0.0, pos=array([0., 0.]), size=array([0.18, 0.18]), texRes=128, units='height', win=Window(...))
0.0434 	EXP 	Created unnamed ImageStim = ImageStim(__class__=<class 'psychopy.visual.image.ImageStim'>, anchor=('center', 'center'), autoLog=True, color=array([1., 1., 1.]), colorSpace='rgb', contrast=1.0, depth=0, draggable=False, flipHoriz=False, flipVert=False, image=None, interpolate=False, mask=None, maskParams=None, name='unnamed ImageStim', opacity=1, ori=0.0, pos=array([0., 0.]), size=array([0.18, 0.18]), texRes=128, units='height', win=Window(...))
0.0438 	EXP 	Created unnamed ImageStim = ImageStim(__class__=<class 'psychopy.visual.image.ImageStim'>, anchor=('center', 'center'), autoLog=True, color=array([1., 1., 1.]), colorSpace='rgb', contrast=1.0, depth=0, draggable=False, flipHoriz=False, flipVert=False, image=None, interpolate=False, mask=None, maskParams=None, name='unnamed ImageStim', opacity=1, ori=0.0, pos=array([0., 0.]), size=array([0.18, 0.18]), texRes=128, units='height', win=Window(...))
0.0443 	EXP 	Created unnamed ImageStim = ImageStim(__class__=<class 'psychopy.visual.image.ImageStim'>, anchor=('center', 'center'), autoLog=True, color=array([1., 1., 1.]), colorSpace='rgb', contrast=1.0, depth=0, draggable=False, flipHoriz=False, flipVert=False, image=None, interpolate=False, mask=None, maskParams=None, name='unnamed ImageStim', opacity=1, ori=0.0, pos=array([0., 0.]), size=array([1., 1.]), texRes=128, units='height', win=Window(...))
0.0858 	EXP 	Created unnamed TextStim = TextStim(__class__=<class 'psychopy.visual.text.TextStim'>, alignHoriz=method-wrapper(...), alignText='center', alignVert=method-wrapper(...), anchorHoriz='center', anchorVert='center', antialias=True, autoDraw=False, autoLog=True, bold=True, color=array([1., 1., 1.]), colorSpace='rgb', contrast=1.0, depth=0, draggable=False, flipHoriz=False, flipVert=False, font='', fontFiles=[], height=0.03, italic=False, languageStyle='LTR', name='unnamed TextStim', opacity=1.0, ori=0.0, pos=array([0., 0.]), rgb=UNKNOWN, text='', units='height', win=Window(...), wrapWidth=1)
0.0870 	EXP 	Created instrTxt = TextStim(__class__=<class 'psychopy.visual.text.TextStim'>, alignHoriz=method-wrapper(...), alignText='center', alignVert=method-wrapper(...), anchorHoriz='center', anchorVert='center', antialias=True, autoDraw=False, autoLog=True, bold=False, color=array([1., 1., 1.]), colorSpace='rgb', contrast=1.0, depth=0.0, draggable=False, flipHoriz=False, flipVert=False, font='Open Sans', fontFiles=[], height=0.03, italic=False, languageStyle='LTR', name='instrTxt', opacity=0.6, ori=0.0, pos=array([0. , 0.2]), rgb=UNKNOWN, text='', units='height', win=Window(...), wrapWidth=1)
0.0878 	EXP 	New trial (rep=0, index=0): <Trial 0 (0 in rep 0) data={'thisN': 0, 'thisTrialN': 0, 'thisRepN': 0}>
0.0881 	EXP 	New trial (rep=0, index=0): <Trial 0 (0 in rep 0) data={'thisN': 0, 'thisTrialN': 0, 'thisRepN': 0}>
0.0886 	INFO 	Keyboard events cleared
0.1049 	EXP 	unnamed Polygon: fillColor = [128, 115, 96]
0.1049 	EXP 	unnamed Polygon: autoDraw = True
0.1049 	EXP 	unnamed ImageStim: autoDraw = True
0.1172 	EXP 	unnamed Polygon: autoDraw = False
0.1172 	EXP 	unnamed ImageStim: autoDraw = False
0.1333 	INFO 	Keyboard events cleared
0.1449 	EXP 	unnamed ImageStim: image = 'stimuli/cubes/minecraftblock_Middle.jpg'
0.1449 	EXP 	unnamed ImageStim: image = 'stimuli/cubes/woodenCube_Middle.jpg'
0.1449 	EXP 	unnamed ImageStim: autoDraw = True
0.1449 	EXP 	unnamed ImageStim: autoDraw = True
3.1335 	INFO 	Keyboard events cleared
3.1485 	EXP 	unnamed ImageStim: autoDraw = False
3.1485 	EXP 	unnamed ImageStim: autoDraw = False
3.1485 	EXP 	unnamed ImageStim: autoDraw = True
3.1485 	EXP 	unnamed ImageStim: autoDraw = True
3.3871 	EXP 	unnamed ImageStim: autoDraw = False
3.3871 	EXP 	unnamed ImageStim: autoDraw = False
3.6342 	INFO 	Keyboard events cleared
3.6405 	EXP 	unnamed Polygon: autoDraw = False
3.6405 	EXP 	unnamed ImageStim: autoDraw = False
3.6405 	EXP 	unnamed ImageStim: ori = 0
3.6405 	EXP 	unnamed Polygon: foreColor = [0, 128, 0]
3.6405 	EXP 	unnamed Polygon: fillColor = [0, 128, 0]
3.6405 	EXP 	unnamed Polygon: borderColor = [0, 128, 0]
3.6405 	EXP 	unnamed Polygon: color = [0, 128, 0]
3.6405 	EXP 	unnamed Polygon: autoDraw = True
3.6405 	EXP 	unnamed ImageStim: autoDraw = True
4.1345 	INFO 	Keyboard events cleared
4.1491 	EXP 	unnamed Polygon: autoDraw = False
4.1491 	EXP 	unnamed ImageStim: autoDraw = False
4.1491 	EXP 	unnamed Polygon: foreColor = [128, 115, 96]
4.1491 	EXP 	unnamed Polygon: fillColor = [128, 115, 96]
4.1491 	EXP 	unnamed Polygon: borderColor = [128, 115, 96]
4.1491 	EXP 	unnamed Polygon: color = [128, 115, 96]
4.1491 	EXP 	unnamed Polygon: autoDraw = True
4.1491 	EXP 	unnamed ImageStim: autoDraw = True
4.1491 	EXP 	unnamed ImageStim: autoDraw = False
4.1491 	EXP 	unnamed ImageStim: autoDraw = False
4.1503 	EXP 	New trial (rep=1, index=0): <Trial 1 (0 in rep 1) data={'thisN': 1, 'thisTrialN': 0, 'thisRepN': 1}>
4.1506 	INFO 	Keyboard events cleared
4.1610 	EXP 	unnamed Polygon: fillColor = [128, 115, 96]
4.1610 	EXP 	unnamed Polygon: autoDraw = True
4.1610 	EXP 	unnamed ImageStim: autoDraw = True
4.1745 	EXP 	unnamed Polygon: autoDraw = False
4.1745 	EXP 	unnamed ImageStim: autoDraw = False
4.1885 	INFO 	Keyboard events cleared
4.2012 	EXP 	unnamed ImageStim: image = 'stimuli/cubes/minecraftblock_Middle.jpg'
4.2012 	EXP 	unnamed ImageStim: image = 'stimuli/cubes/woodenCube_Middle.jpg'
4.2012 	EXP 	unnamed ImageStim: autoDraw = True
4.2012 	EXP 	unnamed ImageStim: autoDraw = True
7.1887 	INFO 	Keyboard events cleared
7.2042 	EXP 	unnamed ImageStim: autoDraw = False
7.2042 	EXP 	unnamed ImageStim: autoDraw = False
7.2042 	EXP 	unnamed ImageStim: autoDraw = True
7.2042 	EXP 	unnamed ImageStim: autoDraw = True
7.4453 	EXP 	unnamed ImageStim: autoDraw = False
7.4453 	EXP 	unnamed ImageStim: autoDraw = False
7.6893 	INFO 	Keyboard events cleared
7.6992 	EXP 	unnamed Polygon: autoDraw = False
7.6992 	EXP 	unnamed ImageStim: autoDraw = False
7.6992 	EXP 	unnamed ImageStim: ori = 0
7.6992 	EXP 	unnamed Polygon: foreColor = [0, 128, 0]
7.6992 	EXP 	unnamed Polygon: fillColor = [0, 128, 0]
7.6992 	EXP 	unnamed Polygon: borderColor = [0, 128, 0]
7.6992 	EXP 	unnamed Polygon: color = [0, 128, 0]
7.6992 	EXP 	unnamed Polygon: autoDraw = True
7.6992 	EXP 	unnamed ImageStim: autoDraw = True
8.1896 	INFO 	Keyboard events cleared
8.2061 	EXP 	unnamed Polygon: autoDraw = False
8.2061 	EXP 	unnamed ImageStim: autoDraw = False
8.2061 	EXP 	unnamed Polygon: foreColor = [128, 115, 96]
8.2061 	EXP 	unnamed Polygon: fillColor = [128, 115, 96]
8.2061 	EXP 	unnamed Polygon: borderColor = [128, 115, 96]
8.2061 	EXP 	unnamed Polygon: color = [128, 115, 96]
8.2061 	EXP 	unnamed Polygon: autoDraw = True
8.2061 	EXP 	unnamed ImageStim: autoDraw = True
8.2061 	EXP 	unnamed ImageStim: autoDraw = False
8.2061 	EXP 	unnamed ImageStim: autoDraw = False
8.2075 	EXP 	New trial (rep=2, index=0): <Trial 2 (0 in rep 2) data={'thisN': 2, 'thisTrialN': 0, 'thisRepN': 2}>
8.2078 	INFO 	Keyboard events cleared
8.2183 	EXP 	unnamed Polygon: fillColor = [128, 115, 96]
8.2183 	EXP 	unnamed Polygon: autoDraw = True
8.2183 	EXP 	unnamed ImageStim: autoDraw = True
8.2316 	EXP 	unnamed Polygon: autoDraw = False
8.2316 	EXP 	unnamed ImageStim: autoDraw = False
8.2458 	INFO 	Keyboard events cleared
8.2585 	EXP 	unnamed ImageStim: image = 'stimuli/cubes/minecraftblock_Middle.jpg'
8.2585 	EXP 	unnamed ImageStim: image = 'stimuli/cubes/woodenCube_Middle.jpg'
8.2585 	EXP 	unnamed ImageStim: autoDraw = True
8.2585 	EXP 	unnamed ImageStim: autoDraw = True
11.2461 	INFO 	Keyboard events cleared
11.2487 	DATA 	Mouse: Left button down, pos=(448,262)
11.2490 	DATA 	Mouse:  Left button up, pos=(448,262)
11.2628 	EXP 	unnamed ImageStim: autoDraw = False
11.2628 	EXP 	unnamed ImageStim: autoDraw = False
11.2628 	EXP 	unnamed ImageStim: autoDraw = True
11.2628 	EXP 	unnamed ImageStim: autoDraw = True
11.9544 	DEBUG 	Saving data for KeoghRevisedRetrocueTask ExperimentHandler
11.9554 	INFO 	saved data to C:\Users\cocon\OneDrive\Documents\GitHub\Kiyonaga-Lab\PNR Project\data/325928_KeoghRevisedRetrocueTask_2025-05-27_19h21.14.743.psydat
11.9562 	INFO 	saved data to 'C:\\Users\\cocon\\OneDrive\\Documents\\GitHub\\Kiyonaga-Lab\\PNR Project\\data/325928_KeoghRevisedRetrocueTask_2025-05-27_19h21.14.743.csv'
