4.2590 	DEBUG 	Fullscreen settings ignored as running in pilot mode.
4.2595 	INFO 	Loaded monitor calibration from ['2025_04_06 13:23']
4.4434 	EXP 	Created window1 = Window(allowGUI=False, allowStencil=False, autoLog=True, backendConf=UNKNOWN, backgroundFit=<method-wrapper '__getattribute__' of attributeSetter object at 0x0000017F50472BC0>, backgroundImage=<method-wrapper '__getattribute__' of attributeSetter object at 0x0000017F50472B60>, bitsMode=UNKNOWN, blendMode='avg', bpc=(8, 8, 8), color=array([0, 0, 0]), colorSpace='rgb', depthBits=8, fullscr=False, gamma=None, gammaErrorPolicy='raise', infoMsg=UNKNOWN, lms=UNKNOWN, monitor=<psychopy.monitors.calibTools.Monitor object at 0x0000017F604AF8B0>, multiSample=False, name='window1', numSamples=2, pos=[560.0, 240.0], screen=0, size=array([800, 600]), stencilBits=0, stereo=False, title='PsychoPy', units='height', useFBO=True, useRetina=False, viewOri=0.0, viewPos=None, viewScale=None, waitBlanking=True, winType='pyglet')
4.4434 	EXP 	window1: backgroundImage = ''
4.4435 	EXP 	window1: backgroundFit = 'none'
4.4490 	DEBUG 	TextBox2 loaded 1 chars with 0 blanks and 1 valid
4.4495 	DEBUG 	TextBox2 loaded 1 chars with 0 blanks and 1 valid
4.4499 	DEBUG 	TextBox2 loaded 1 chars with 0 blanks and 1 valid
4.4505 	DEBUG 	TextBox2 loaded 1 chars with 0 blanks and 1 valid
4.4511 	DEBUG 	TextBox2 loaded 1 chars with 0 blanks and 1 valid
4.4514 	DEBUG 	TextBox2 loaded 1 chars with 0 blanks and 1 valid
4.4519 	DEBUG 	TextBox2 loaded 1 chars with 0 blanks and 1 valid
4.4525 	DEBUG 	TextBox2 loaded 1 chars with 0 blanks and 1 valid
4.4527 	DEBUG 	TextBox2 loaded 1 chars with 0 blanks and 1 valid
4.4529 	DEBUG 	TextBox2 loaded 1 chars with 0 blanks and 1 valid
4.4534 	DEBUG 	TextBox2 loaded 1 chars with 0 blanks and 1 valid
4.4538 	DEBUG 	TextBox2 loaded 1 chars with 0 blanks and 1 valid
4.4542 	DEBUG 	TextBox2 loaded 1 chars with 0 blanks and 1 valid
4.4547 	DEBUG 	TextBox2 loaded 1 chars with 0 blanks and 1 valid
4.4551 	DEBUG 	TextBox2 loaded 1 chars with 0 blanks and 1 valid
4.4556 	DEBUG 	TextBox2 loaded 1 chars with 0 blanks and 1 valid
4.4561 	DEBUG 	TextBox2 loaded 1 chars with 0 blanks and 1 valid
4.4564 	DEBUG 	TextBox2 loaded 1 chars with 0 blanks and 1 valid
4.4567 	DEBUG 	TextBox2 loaded 1 chars with 0 blanks and 1 valid
4.4573 	DEBUG 	TextBox2 loaded 1 chars with 0 blanks and 1 valid
4.4576 	DEBUG 	TextBox2 loaded 1 chars with 0 blanks and 1 valid
4.4578 	DEBUG 	Uploading Texture Font fontname to graphics card
4.4586 	DEBUG 	Upload of Texture Font fontname complete
4.4628 	DEBUG 	TextBox2 loaded 1 chars with 0 blanks and 1 valid
4.4634 	DEBUG 	TextBox2 loaded 1 chars with 0 blanks and 1 valid
4.4640 	DEBUG 	TextBox2 loaded 1 chars with 0 blanks and 1 valid
4.4641 	DEBUG 	Uploading Texture Font fontname to graphics card
4.4646 	DEBUG 	Upload of Texture Font fontname complete
4.4659 	EXP 	window1: Attempting to measure frame rate of screen (0) ...
4.4659 	EXP 	window1: recordFrameIntervals = False
4.5958 	EXP 	window1: recordFrameIntervals = True
4.7408 	EXP 	Screen (0) actual frame rate measured at 75.39Hz
4.7408 	EXP 	window1: recordFrameIntervals = False
4.7438 	DEBUG 	TextBox2 loaded 1 chars with 0 blanks and 1 valid
4.7441 	DEBUG 	TextBox2 loaded 1 chars with 0 blanks and 1 valid
4.7446 	DEBUG 	TextBox2 loaded 1 chars with 0 blanks and 1 valid
4.7453 	DEBUG 	TextBox2 loaded 1 chars with 0 blanks and 1 valid
4.7459 	DEBUG 	TextBox2 loaded 1 chars with 0 blanks and 1 valid
4.7465 	DEBUG 	TextBox2 loaded 1 chars with 0 blanks and 1 valid
4.7468 	DEBUG 	TextBox2 loaded 1 chars with 0 blanks and 1 valid
4.7474 	DEBUG 	TextBox2 loaded 1 chars with 0 blanks and 1 valid
4.7482 	DEBUG 	TextBox2 loaded 1 chars with 0 blanks and 1 valid
4.7489 	DEBUG 	TextBox2 loaded 1 chars with 0 blanks and 1 valid
4.7491 	DEBUG 	Uploading Texture Font fontname to graphics card
4.7496 	DEBUG 	Upload of Texture Font fontname complete
4.7576 	WARNING 	launchHubServer: If using the iohub mouse or eyetracker devices, fullScr should be True.
6.4149 	INFO 	keyboard.Keyboard is using iohub backend.
6.4149 	EXP 	KeoghRevisedRetrocueTask: status = STARTED
6.4366 	DEBUG 	Saving data for KeoghRevisedRetrocueTask ExperimentHandler
6.4371 	INFO 	saved data to C:\Users\cocon\OneDrive\Documents\GitHub\Kiyonaga-Lab\PNR Project\data/436242_KeoghRevisedRetrocueTask_2025-05-27_19h47.00.585.psydat
6.4376 	INFO 	saved data to 'C:\\Users\\cocon\\OneDrive\\Documents\\GitHub\\Kiyonaga-Lab\\PNR Project\\data/436242_KeoghRevisedRetrocueTask_2025-05-27_19h47.00.585.csv'
