4.1048 	DEBUG 	Fullscreen settings ignored as running in pilot mode.
4.1055 	INFO 	Loaded monitor calibration from ['2025_04_06 13:23']
4.2767 	EXP 	Created window1 = Window(allowGUI=False, allowStencil=False, autoLog=True, backendConf=UNKNOWN, backgroundFit=<method-wrapper '__getattribute__' of attributeSetter object at 0x0000021945ACB760>, backgroundImage=<method-wrapper '__getattribute__' of attributeSetter object at 0x0000021945ACB7C0>, bitsMode=UNKNOWN, blendMode='avg', bpc=(8, 8, 8), color=array([0, 0, 0]), colorSpace='rgb', depthBits=8, fullscr=False, gamma=None, gammaErrorPolicy='raise', infoMsg=UNKNOWN, lms=UNKNOWN, monitor=<psychopy.monitors.calibTools.Monitor object at 0x0000021945B64DC0>, multiSample=False, name='window1', numSamples=2, pos=[560.0, 240.0], screen=0, size=array([800, 600]), stencilBits=0, stereo=False, title='PsychoPy', units='height', useFBO=True, useRetina=False, viewOri=0.0, viewPos=None, viewScale=None, waitBlanking=True, winType='pyglet')
4.2768 	EXP 	window1: backgroundImage = ''
4.2768 	EXP 	window1: backgroundFit = 'none'
4.2818 	DEBUG 	TextBox2 loaded 1 chars with 0 blanks and 1 valid
4.2823 	DEBUG 	TextBox2 loaded 1 chars with 0 blanks and 1 valid
4.2828 	DEBUG 	TextBox2 loaded 1 chars with 0 blanks and 1 valid
4.2834 	DEBUG 	TextBox2 loaded 1 chars with 0 blanks and 1 valid
4.2839 	DEBUG 	TextBox2 loaded 1 chars with 0 blanks and 1 valid
4.2842 	DEBUG 	TextBox2 loaded 1 chars with 0 blanks and 1 valid
4.2847 	DEBUG 	TextBox2 loaded 1 chars with 0 blanks and 1 valid
4.2853 	DEBUG 	TextBox2 loaded 1 chars with 0 blanks and 1 valid
4.2855 	DEBUG 	TextBox2 loaded 1 chars with 0 blanks and 1 valid
4.2857 	DEBUG 	TextBox2 loaded 1 chars with 0 blanks and 1 valid
4.2862 	DEBUG 	TextBox2 loaded 1 chars with 0 blanks and 1 valid
4.2867 	DEBUG 	TextBox2 loaded 1 chars with 0 blanks and 1 valid
4.2871 	DEBUG 	TextBox2 loaded 1 chars with 0 blanks and 1 valid
4.2875 	DEBUG 	TextBox2 loaded 1 chars with 0 blanks and 1 valid
4.2879 	DEBUG 	TextBox2 loaded 1 chars with 0 blanks and 1 valid
4.2884 	DEBUG 	TextBox2 loaded 1 chars with 0 blanks and 1 valid
4.2889 	DEBUG 	TextBox2 loaded 1 chars with 0 blanks and 1 valid
4.2892 	DEBUG 	TextBox2 loaded 1 chars with 0 blanks and 1 valid
4.2895 	DEBUG 	TextBox2 loaded 1 chars with 0 blanks and 1 valid
4.2901 	DEBUG 	TextBox2 loaded 1 chars with 0 blanks and 1 valid
4.2903 	DEBUG 	TextBox2 loaded 1 chars with 0 blanks and 1 valid
4.2905 	DEBUG 	Uploading Texture Font fontname to graphics card
4.2914 	DEBUG 	Upload of Texture Font fontname complete
4.2948 	DEBUG 	TextBox2 loaded 1 chars with 0 blanks and 1 valid
4.2954 	DEBUG 	TextBox2 loaded 1 chars with 0 blanks and 1 valid
4.2960 	DEBUG 	TextBox2 loaded 1 chars with 0 blanks and 1 valid
4.2961 	DEBUG 	Uploading Texture Font fontname to graphics card
4.2965 	DEBUG 	Upload of Texture Font fontname complete
4.2978 	EXP 	window1: Attempting to measure frame rate of screen (0) ...
4.2979 	EXP 	window1: recordFrameIntervals = False
4.4317 	EXP 	window1: recordFrameIntervals = True
4.5772 	EXP 	Screen (0) actual frame rate measured at 75.78Hz
4.5772 	EXP 	window1: recordFrameIntervals = False
4.5802 	DEBUG 	TextBox2 loaded 1 chars with 0 blanks and 1 valid
4.5805 	DEBUG 	TextBox2 loaded 1 chars with 0 blanks and 1 valid
4.5811 	DEBUG 	TextBox2 loaded 1 chars with 0 blanks and 1 valid
4.5817 	DEBUG 	TextBox2 loaded 1 chars with 0 blanks and 1 valid
4.5823 	DEBUG 	TextBox2 loaded 1 chars with 0 blanks and 1 valid
4.5830 	DEBUG 	TextBox2 loaded 1 chars with 0 blanks and 1 valid
4.5833 	DEBUG 	TextBox2 loaded 1 chars with 0 blanks and 1 valid
4.5838 	DEBUG 	TextBox2 loaded 1 chars with 0 blanks and 1 valid
4.5845 	DEBUG 	TextBox2 loaded 1 chars with 0 blanks and 1 valid
4.5850 	DEBUG 	TextBox2 loaded 1 chars with 0 blanks and 1 valid
4.5852 	DEBUG 	Uploading Texture Font fontname to graphics card
4.5856 	DEBUG 	Upload of Texture Font fontname complete
4.5938 	WARNING 	launchHubServer: If using the iohub mouse or eyetracker devices, fullScr should be True.
6.3560 	INFO 	keyboard.Keyboard is using iohub backend.
6.3560 	EXP 	KeoghRevisedRetrocueTask: status = STARTED
6.4203 	INFO 	keyboard.Keyboard is using iohub backend.
0.0225 	EXP 	Created unnamed ImageStim = ImageStim(__class__=<class 'psychopy.visual.image.ImageStim'>, anchor=('center', 'center'), autoLog=True, color=array([1., 1., 1.]), colorSpace='rgb', contrast=1.0, depth=0, draggable=False, flipHoriz=False, flipVert=False, image='visualObj/fixCirc.png', interpolate=False, mask=None, maskParams=None, name='unnamed ImageStim', opacity=1, ori=0.0, pos=array([0., 0.]), size=array([0.12, 0.12]), texRes=128, units='height', win=Window(...))
0.0303 	EXP 	Created unnamed ImageStim = ImageStim(__class__=<class 'psychopy.visual.image.ImageStim'>, anchor=('center', 'center'), autoLog=True, color=array([1., 1., 1.]), colorSpace='rgb', contrast=1.0, depth=0, draggable=False, flipHoriz=False, flipVert=False, image='visualObj/retrocue.png', interpolate=False, mask=None, maskParams=None, name='unnamed ImageStim', opacity=1, ori=0.0, pos=array([0., 0.]), size=array([0.12, 0.12]), texRes=128, units='height', win=Window(...))
0.0321 	EXP 	Created unnamed Polygon = Polygon(__class__=<class 'psychopy.visual.polygon.Polygon'>, anchor=('center', 'center'), autoDraw=False, autoLog=True, closeShape=True, color=method-wrapper(...), colorSpace='rgb255', contrast=None, depth=0, draggable=False, fillColor=array([128, 115,  96]), fillColorSpace='rgb255', fillRGB=array([ 0.00392157, -0.09803922, -0.24705882]), interpolate=True, lineColor=array([255., 255., 255.]), lineColorSpace='rgb255', lineRGB=array([1, 1, 1]), lineWidth=1.5, name='unnamed Polygon', opacity=1, ori=45.0, pos=array([0., 0.]), size=array([0.06, 0.06]), units='height', vertices=ndarray(...), win=Window(...))
0.0327 	EXP 	Created unnamed ImageStim = ImageStim(__class__=<class 'psychopy.visual.image.ImageStim'>, anchor=('center', 'center'), autoLog=True, color=array([1., 1., 1.]), colorSpace='rgb', contrast=1.0, depth=0, draggable=False, flipHoriz=False, flipVert=False, image=None, interpolate=False, mask=None, maskParams=None, name='unnamed ImageStim', opacity=1, ori=0.0, pos=array([0., 0.]), size=array([1., 1.]), texRes=128, units='height', win=Window(...))
0.0332 	EXP 	Created unnamed ImageStim = ImageStim(__class__=<class 'psychopy.visual.image.ImageStim'>, anchor=('center', 'center'), autoLog=True, color=array([1., 1., 1.]), colorSpace='rgb', contrast=1.0, depth=0, draggable=False, flipHoriz=False, flipVert=False, image=None, interpolate=False, mask=None, maskParams=None, name='unnamed ImageStim', opacity=1, ori=0.0, pos=array([0., 0.]), size=array([1., 1.]), texRes=128, units='height', win=Window(...))
0.0352 	EXP 	Created unnamed ImageStim = ImageStim(__class__=<class 'psychopy.visual.image.ImageStim'>, anchor=('center', 'center'), autoLog=True, color=array([1., 1., 1.]), colorSpace='rgb', contrast=1.0, depth=0, draggable=False, flipHoriz=False, flipVert=False, image='visualObj/noiseGauss50.png', interpolate=False, mask=None, maskParams=None, name='unnamed ImageStim', opacity=1, ori=0.0, pos=array([0., 0.]), size=array([0.42666667, 0.42666667]), texRes=128, units='height', win=Window(...))
0.0370 	EXP 	Created unnamed ImageStim = ImageStim(__class__=<class 'psychopy.visual.image.ImageStim'>, anchor=('center', 'center'), autoLog=True, color=array([1., 1., 1.]), colorSpace='rgb', contrast=1.0, depth=0, draggable=False, flipHoriz=False, flipVert=False, image='visualObj/noiseGauss50.png', interpolate=False, mask=None, maskParams=None, name='unnamed ImageStim', opacity=1, ori=0.0, pos=array([0., 0.]), size=array([0.42666667, 0.42666667]), texRes=128, units='height', win=Window(...))
0.0375 	EXP 	Created unnamed ImageStim = ImageStim(__class__=<class 'psychopy.visual.image.ImageStim'>, anchor=('center', 'center'), autoLog=True, color=array([1., 1., 1.]), colorSpace='rgb', contrast=1.0, depth=0, draggable=False, flipHoriz=False, flipVert=False, image=None, interpolate=False, mask=None, maskParams=None, name='unnamed ImageStim', opacity=1, ori=0.0, pos=array([0., 0.]), size=array([0.18, 0.18]), texRes=128, units='height', win=Window(...))
0.0381 	EXP 	Created unnamed ImageStim = ImageStim(__class__=<class 'psychopy.visual.image.ImageStim'>, anchor=('center', 'center'), autoLog=True, color=array([1., 1., 1.]), colorSpace='rgb', contrast=1.0, depth=0, draggable=False, flipHoriz=False, flipVert=False, image=None, interpolate=False, mask=None, maskParams=None, name='unnamed ImageStim', opacity=1, ori=0.0, pos=array([0., 0.]), size=array([0.18, 0.18]), texRes=128, units='height', win=Window(...))
0.0385 	EXP 	Created unnamed ImageStim = ImageStim(__class__=<class 'psychopy.visual.image.ImageStim'>, anchor=('center', 'center'), autoLog=True, color=array([1., 1., 1.]), colorSpace='rgb', contrast=1.0, depth=0, draggable=False, flipHoriz=False, flipVert=False, image=None, interpolate=False, mask=None, maskParams=None, name='unnamed ImageStim', opacity=1, ori=0.0, pos=array([0., 0.]), size=array([0.18, 0.18]), texRes=128, units='height', win=Window(...))
0.0390 	EXP 	Created unnamed ImageStim = ImageStim(__class__=<class 'psychopy.visual.image.ImageStim'>, anchor=('center', 'center'), autoLog=True, color=array([1., 1., 1.]), colorSpace='rgb', contrast=1.0, depth=0, draggable=False, flipHoriz=False, flipVert=False, image=None, interpolate=False, mask=None, maskParams=None, name='unnamed ImageStim', opacity=1, ori=0.0, pos=array([0., 0.]), size=array([0.18, 0.18]), texRes=128, units='height', win=Window(...))
0.0395 	EXP 	Created unnamed ImageStim = ImageStim(__class__=<class 'psychopy.visual.image.ImageStim'>, anchor=('center', 'center'), autoLog=True, color=array([1., 1., 1.]), colorSpace='rgb', contrast=1.0, depth=0, draggable=False, flipHoriz=False, flipVert=False, image=None, interpolate=False, mask=None, maskParams=None, name='unnamed ImageStim', opacity=1, ori=0.0, pos=array([0., 0.]), size=array([0.18, 0.18]), texRes=128, units='height', win=Window(...))
0.0399 	EXP 	Created unnamed ImageStim = ImageStim(__class__=<class 'psychopy.visual.image.ImageStim'>, anchor=('center', 'center'), autoLog=True, color=array([1., 1., 1.]), colorSpace='rgb', contrast=1.0, depth=0, draggable=False, flipHoriz=False, flipVert=False, image=None, interpolate=False, mask=None, maskParams=None, name='unnamed ImageStim', opacity=1, ori=0.0, pos=array([0., 0.]), size=array([0.18, 0.18]), texRes=128, units='height', win=Window(...))
0.0404 	EXP 	Created unnamed ImageStim = ImageStim(__class__=<class 'psychopy.visual.image.ImageStim'>, anchor=('center', 'center'), autoLog=True, color=array([1., 1., 1.]), colorSpace='rgb', contrast=1.0, depth=0, draggable=False, flipHoriz=False, flipVert=False, image=None, interpolate=False, mask=None, maskParams=None, name='unnamed ImageStim', opacity=1, ori=0.0, pos=array([0., 0.]), size=array([1., 1.]), texRes=128, units='height', win=Window(...))
0.0552 	EXP 	Created unnamed TextStim = TextStim(__class__=<class 'psychopy.visual.text.TextStim'>, alignHoriz=method-wrapper(...), alignText='center', alignVert=method-wrapper(...), anchorHoriz='center', anchorVert='center', antialias=True, autoDraw=False, autoLog=True, bold=True, color=array([1., 1., 1.]), colorSpace='rgb', contrast=1.0, depth=0, draggable=False, flipHoriz=False, flipVert=False, font='', fontFiles=[], height=0.03, italic=False, languageStyle='LTR', name='unnamed TextStim', opacity=1.0, ori=0.0, pos=array([0., 0.]), rgb=UNKNOWN, text='', units='height', win=Window(...), wrapWidth=1)
0.0566 	EXP 	Created instrTxt = TextStim(__class__=<class 'psychopy.visual.text.TextStim'>, alignHoriz=method-wrapper(...), alignText='center', alignVert=method-wrapper(...), anchorHoriz='center', anchorVert='center', antialias=True, autoDraw=False, autoLog=True, bold=False, color=array([1., 1., 1.]), colorSpace='rgb', contrast=1.0, depth=0.0, draggable=False, flipHoriz=False, flipVert=False, font='Open Sans', fontFiles=[], height=0.03, italic=False, languageStyle='LTR', name='instrTxt', opacity=0.6, ori=0.0, pos=array([0. , 0.2]), rgb=UNKNOWN, text='', units='height', win=Window(...), wrapWidth=1)
0.0571 	EXP 	New trial (rep=0, index=0): <Trial 0 (0 in rep 0) data={'thisN': 0, 'thisTrialN': 0, 'thisRepN': 0}>
0.0573 	EXP 	New trial (rep=0, index=0): <Trial 0 (0 in rep 0) data={'thisN': 0, 'thisTrialN': 0, 'thisRepN': 0}>
0.0579 	INFO 	Keyboard events cleared
0.0667 	EXP 	unnamed Polygon: fillColor = [128, 115, 96]
0.0667 	EXP 	unnamed Polygon: autoDraw = True
0.0667 	EXP 	unnamed ImageStim: autoDraw = True
0.0797 	EXP 	unnamed Polygon: autoDraw = False
0.0797 	EXP 	unnamed ImageStim: autoDraw = False
0.3695 	INFO 	Keyboard events cleared
0.4013 	EXP 	unnamed ImageStim: image = 'stimuli/cubes/blackCube_Near.jpg'
0.4013 	EXP 	unnamed ImageStim: image = 'stimuli/cubes/alphabetblock2_Near.jpg'
0.4013 	EXP 	unnamed ImageStim: autoDraw = True
0.4013 	EXP 	unnamed ImageStim: autoDraw = True
3.3696 	INFO 	Keyboard events cleared
3.3784 	EXP 	unnamed ImageStim: autoDraw = False
3.3784 	EXP 	unnamed ImageStim: autoDraw = False
3.3784 	EXP 	unnamed ImageStim: autoDraw = True
3.3784 	EXP 	unnamed ImageStim: autoDraw = True
3.6437 	EXP 	unnamed ImageStim: autoDraw = False
3.6437 	EXP 	unnamed ImageStim: autoDraw = False
3.8702 	INFO 	Keyboard events cleared
3.8836 	EXP 	unnamed Polygon: autoDraw = False
3.8836 	EXP 	unnamed ImageStim: autoDraw = False
3.8836 	EXP 	unnamed ImageStim: ori = 180
3.8836 	EXP 	unnamed Polygon: foreColor = [0, 128, 0]
3.8836 	EXP 	unnamed Polygon: fillColor = [0, 128, 0]
3.8836 	EXP 	unnamed Polygon: borderColor = [0, 128, 0]
3.8836 	EXP 	unnamed Polygon: color = [0, 128, 0]
3.8836 	EXP 	unnamed Polygon: autoDraw = True
3.8836 	EXP 	unnamed ImageStim: autoDraw = True
4.3706 	INFO 	Keyboard events cleared
4.3775 	EXP 	unnamed Polygon: autoDraw = False
4.3775 	EXP 	unnamed ImageStim: autoDraw = False
4.3775 	EXP 	unnamed Polygon: foreColor = [128, 115, 96]
4.3775 	EXP 	unnamed Polygon: fillColor = [128, 115, 96]
4.3775 	EXP 	unnamed Polygon: borderColor = [128, 115, 96]
4.3775 	EXP 	unnamed Polygon: color = [128, 115, 96]
4.3775 	EXP 	unnamed Polygon: autoDraw = True
4.3775 	EXP 	unnamed ImageStim: autoDraw = True
4.3775 	EXP 	unnamed ImageStim: autoDraw = False
4.3775 	EXP 	unnamed ImageStim: autoDraw = False
4.3786 	EXP 	New trial (rep=1, index=0): <Trial 1 (0 in rep 1) data={'thisN': 1, 'thisTrialN': 0, 'thisRepN': 1}>
4.3789 	INFO 	Keyboard events cleared
4.3896 	EXP 	unnamed Polygon: fillColor = [128, 115, 96]
4.3896 	EXP 	unnamed Polygon: autoDraw = True
4.3896 	EXP 	unnamed ImageStim: autoDraw = True
4.4031 	EXP 	unnamed Polygon: autoDraw = False
4.4031 	EXP 	unnamed ImageStim: autoDraw = False
4.6858 	INFO 	Keyboard events cleared
4.7254 	EXP 	unnamed ImageStim: image = 'stimuli/cubes/blackCube_Near.jpg'
4.7254 	EXP 	unnamed ImageStim: image = 'stimuli/cubes/alphabetblock2_Near.jpg'
4.7254 	EXP 	unnamed ImageStim: autoDraw = True
4.7254 	EXP 	unnamed ImageStim: autoDraw = True
7.6860 	INFO 	Keyboard events cleared
7.7021 	EXP 	unnamed ImageStim: autoDraw = False
7.7021 	EXP 	unnamed ImageStim: autoDraw = False
7.7021 	EXP 	unnamed ImageStim: autoDraw = True
7.7021 	EXP 	unnamed ImageStim: autoDraw = True
7.9398 	EXP 	unnamed ImageStim: autoDraw = False
7.9398 	EXP 	unnamed ImageStim: autoDraw = False
8.1866 	INFO 	Keyboard events cleared
8.1948 	EXP 	unnamed Polygon: autoDraw = False
8.1948 	EXP 	unnamed ImageStim: autoDraw = False
8.1948 	EXP 	unnamed ImageStim: ori = 180
8.1948 	EXP 	unnamed Polygon: foreColor = [0, 128, 0]
8.1948 	EXP 	unnamed Polygon: fillColor = [0, 128, 0]
8.1948 	EXP 	unnamed Polygon: borderColor = [0, 128, 0]
8.1948 	EXP 	unnamed Polygon: color = [0, 128, 0]
8.1948 	EXP 	unnamed Polygon: autoDraw = True
8.1948 	EXP 	unnamed ImageStim: autoDraw = True
8.6869 	INFO 	Keyboard events cleared
8.7018 	EXP 	unnamed Polygon: autoDraw = False
8.7018 	EXP 	unnamed ImageStim: autoDraw = False
8.7018 	EXP 	unnamed Polygon: foreColor = [128, 115, 96]
8.7018 	EXP 	unnamed Polygon: fillColor = [128, 115, 96]
8.7018 	EXP 	unnamed Polygon: borderColor = [128, 115, 96]
8.7018 	EXP 	unnamed Polygon: color = [128, 115, 96]
8.7018 	EXP 	unnamed Polygon: autoDraw = True
8.7018 	EXP 	unnamed ImageStim: autoDraw = True
8.7018 	EXP 	unnamed ImageStim: autoDraw = False
8.7018 	EXP 	unnamed ImageStim: autoDraw = False
8.7031 	EXP 	New trial (rep=2, index=0): <Trial 2 (0 in rep 2) data={'thisN': 2, 'thisTrialN': 0, 'thisRepN': 2}>
8.7034 	INFO 	Keyboard events cleared
8.7136 	EXP 	unnamed Polygon: fillColor = [128, 115, 96]
8.7136 	EXP 	unnamed Polygon: autoDraw = True
8.7136 	EXP 	unnamed ImageStim: autoDraw = True
8.7271 	EXP 	unnamed Polygon: autoDraw = False
8.7271 	EXP 	unnamed ImageStim: autoDraw = False
9.0129 	INFO 	Keyboard events cleared
9.0471 	EXP 	unnamed ImageStim: image = 'stimuli/cubes/blackCube_Near.jpg'
9.0471 	EXP 	unnamed ImageStim: image = 'stimuli/cubes/alphabetblock2_Near.jpg'
9.0471 	EXP 	unnamed ImageStim: autoDraw = True
9.0471 	EXP 	unnamed ImageStim: autoDraw = True
12.0146 	EXP 	KeoghRevisedRetrocueTask: status = STOPPED
12.0152 	DATA 	Keypress: escape
12.0262 	EXP 	unnamed ImageStim: autoDraw = False
12.0262 	EXP 	unnamed ImageStim: autoDraw = False
12.0272 	EXP 	KeoghRevisedRetrocueTask: status = STOPPED
12.0301 	INFO 	saved data to 'C:\\Users\\cocon\\OneDrive\\Documents\\GitHub\\Kiyonaga-Lab\\PNR Project\\data/556898_KeoghRevisedRetrocueTask_2025-05-27_19h22.15.824.csv'
12.0306 	INFO 	saved data to C:\Users\cocon\OneDrive\Documents\GitHub\Kiyonaga-Lab\PNR Project\data/556898_KeoghRevisedRetrocueTask_2025-05-27_19h22.15.824.psydat
12.3374 	DEBUG 	Saving data for KeoghRevisedRetrocueTask ExperimentHandler
