4.1152 	DEBUG 	Fullscreen settings ignored as running in pilot mode.
4.1158 	INFO 	Loaded monitor calibration from ['2025_04_06 13:23']
4.2959 	EXP 	Created window1 = Window(allowGUI=False, allowStencil=False, autoLog=True, backendConf=UNKNOWN, backgroundFit=<method-wrapper '__getattribute__' of attributeSetter object at 0x0000025113E12BC0>, backgroundImage=<method-wrapper '__getattribute__' of attributeSetter object at 0x0000025113E12B60>, bitsMode=UNKNOWN, blendMode='avg', bpc=(8, 8, 8), color=array([0, 0, 0]), colorSpace='rgb', depthBits=8, fullscr=False, gamma=None, gammaErrorPolicy='raise', infoMsg=UNKNOWN, lms=UNKNOWN, monitor=<psychopy.monitors.calibTools.Monitor object at 0x0000025123E4F880>, multiSample=False, name='window1', numSamples=2, pos=[560.0, 240.0], screen=0, size=array([800, 600]), stencilBits=0, stereo=False, title='PsychoPy', units='height', useFBO=True, useRetina=False, viewOri=0.0, viewPos=None, viewScale=None, waitBlanking=True, winType='pyglet')
4.2960 	EXP 	window1: backgroundImage = ''
4.2960 	EXP 	window1: backgroundFit = 'none'
4.3010 	DEBUG 	TextBox2 loaded 1 chars with 0 blanks and 1 valid
4.3015 	DEBUG 	TextBox2 loaded 1 chars with 0 blanks and 1 valid
4.3020 	DEBUG 	TextBox2 loaded 1 chars with 0 blanks and 1 valid
4.3025 	DEBUG 	TextBox2 loaded 1 chars with 0 blanks and 1 valid
4.3031 	DEBUG 	TextBox2 loaded 1 chars with 0 blanks and 1 valid
4.3034 	DEBUG 	TextBox2 loaded 1 chars with 0 blanks and 1 valid
4.3039 	DEBUG 	TextBox2 loaded 1 chars with 0 blanks and 1 valid
4.3045 	DEBUG 	TextBox2 loaded 1 chars with 0 blanks and 1 valid
4.3047 	DEBUG 	TextBox2 loaded 1 chars with 0 blanks and 1 valid
4.3049 	DEBUG 	TextBox2 loaded 1 chars with 0 blanks and 1 valid
4.3054 	DEBUG 	TextBox2 loaded 1 chars with 0 blanks and 1 valid
4.3058 	DEBUG 	TextBox2 loaded 1 chars with 0 blanks and 1 valid
4.3063 	DEBUG 	TextBox2 loaded 1 chars with 0 blanks and 1 valid
4.3067 	DEBUG 	TextBox2 loaded 1 chars with 0 blanks and 1 valid
4.3071 	DEBUG 	TextBox2 loaded 1 chars with 0 blanks and 1 valid
4.3076 	DEBUG 	TextBox2 loaded 1 chars with 0 blanks and 1 valid
4.3080 	DEBUG 	TextBox2 loaded 1 chars with 0 blanks and 1 valid
4.3084 	DEBUG 	TextBox2 loaded 1 chars with 0 blanks and 1 valid
4.3087 	DEBUG 	TextBox2 loaded 1 chars with 0 blanks and 1 valid
4.3093 	DEBUG 	TextBox2 loaded 1 chars with 0 blanks and 1 valid
4.3096 	DEBUG 	TextBox2 loaded 1 chars with 0 blanks and 1 valid
4.3097 	DEBUG 	Uploading Texture Font fontname to graphics card
4.3106 	DEBUG 	Upload of Texture Font fontname complete
4.3143 	DEBUG 	TextBox2 loaded 1 chars with 0 blanks and 1 valid
4.3149 	DEBUG 	TextBox2 loaded 1 chars with 0 blanks and 1 valid
4.3155 	DEBUG 	TextBox2 loaded 1 chars with 0 blanks and 1 valid
4.3156 	DEBUG 	Uploading Texture Font fontname to graphics card
4.3160 	DEBUG 	Upload of Texture Font fontname complete
4.3173 	EXP 	window1: Attempting to measure frame rate of screen (0) ...
4.3174 	EXP 	window1: recordFrameIntervals = False
4.4543 	EXP 	window1: recordFrameIntervals = True
4.6005 	EXP 	Screen (0) actual frame rate measured at 75.76Hz
4.6005 	EXP 	window1: recordFrameIntervals = False
4.6035 	DEBUG 	TextBox2 loaded 1 chars with 0 blanks and 1 valid
4.6038 	DEBUG 	TextBox2 loaded 1 chars with 0 blanks and 1 valid
4.6044 	DEBUG 	TextBox2 loaded 1 chars with 0 blanks and 1 valid
4.6050 	DEBUG 	TextBox2 loaded 1 chars with 0 blanks and 1 valid
4.6056 	DEBUG 	TextBox2 loaded 1 chars with 0 blanks and 1 valid
4.6063 	DEBUG 	TextBox2 loaded 1 chars with 0 blanks and 1 valid
4.6066 	DEBUG 	TextBox2 loaded 1 chars with 0 blanks and 1 valid
4.6071 	DEBUG 	TextBox2 loaded 1 chars with 0 blanks and 1 valid
4.6077 	DEBUG 	TextBox2 loaded 1 chars with 0 blanks and 1 valid
4.6083 	DEBUG 	TextBox2 loaded 1 chars with 0 blanks and 1 valid
4.6085 	DEBUG 	Uploading Texture Font fontname to graphics card
4.6089 	DEBUG 	Upload of Texture Font fontname complete
4.6168 	WARNING 	launchHubServer: If using the iohub mouse or eyetracker devices, fullScr should be True.
6.3758 	INFO 	keyboard.Keyboard is using iohub backend.
6.3759 	EXP 	KeoghRevisedRetrocueTask: status = STARTED
6.3905 	INFO 	keyboard.Keyboard is using iohub backend.
0.0009 	DATA 	Mouse: Left button down, pos=(411,582)
0.0011 	DATA 	Mouse:  Left button up, pos=(411,582)
0.0012 	DATA 	Mouse: Left button down, pos=(411,582)
0.0014 	DATA 	Mouse:  Left button up, pos=(411,582)
0.0228 	EXP 	Created unnamed ImageStim = ImageStim(__class__=<class 'psychopy.visual.image.ImageStim'>, anchor=('center', 'center'), autoLog=True, color=array([1., 1., 1.]), colorSpace='rgb', contrast=1.0, depth=0, draggable=False, flipHoriz=False, flipVert=False, image='visualObj/fixCirc.png', interpolate=False, mask=None, maskParams=None, name='unnamed ImageStim', opacity=1, ori=0.0, pos=array([0., 0.]), size=array([0.12, 0.12]), texRes=128, units='height', win=Window(...))
0.0301 	EXP 	Created unnamed ImageStim = ImageStim(__class__=<class 'psychopy.visual.image.ImageStim'>, anchor=('center', 'center'), autoLog=True, color=array([1., 1., 1.]), colorSpace='rgb', contrast=1.0, depth=0, draggable=False, flipHoriz=False, flipVert=False, image='visualObj/retrocue.png', interpolate=False, mask=None, maskParams=None, name='unnamed ImageStim', opacity=1, ori=0.0, pos=array([0., 0.]), size=array([0.12, 0.12]), texRes=128, units='height', win=Window(...))
0.0318 	EXP 	Created unnamed Polygon = Polygon(__class__=<class 'psychopy.visual.polygon.Polygon'>, anchor=('center', 'center'), autoDraw=False, autoLog=True, closeShape=True, color=method-wrapper(...), colorSpace='rgb255', contrast=None, depth=0, draggable=False, fillColor=array([128, 115,  96]), fillColorSpace='rgb255', fillRGB=array([ 0.00392157, -0.09803922, -0.24705882]), interpolate=True, lineColor=array([255., 255., 255.]), lineColorSpace='rgb255', lineRGB=array([1, 1, 1]), lineWidth=1.5, name='unnamed Polygon', opacity=1, ori=45.0, pos=array([0., 0.]), size=array([0.06, 0.06]), units='height', vertices=ndarray(...), win=Window(...))
0.0324 	EXP 	Created unnamed ImageStim = ImageStim(__class__=<class 'psychopy.visual.image.ImageStim'>, anchor=('center', 'center'), autoLog=True, color=array([1., 1., 1.]), colorSpace='rgb', contrast=1.0, depth=0, draggable=False, flipHoriz=False, flipVert=False, image=None, interpolate=False, mask=None, maskParams=None, name='unnamed ImageStim', opacity=1, ori=0.0, pos=array([0., 0.]), size=array([1., 1.]), texRes=128, units='height', win=Window(...))
0.0328 	EXP 	Created unnamed ImageStim = ImageStim(__class__=<class 'psychopy.visual.image.ImageStim'>, anchor=('center', 'center'), autoLog=True, color=array([1., 1., 1.]), colorSpace='rgb', contrast=1.0, depth=0, draggable=False, flipHoriz=False, flipVert=False, image=None, interpolate=False, mask=None, maskParams=None, name='unnamed ImageStim', opacity=1, ori=0.0, pos=array([0., 0.]), size=array([1., 1.]), texRes=128, units='height', win=Window(...))
0.0352 	EXP 	Created unnamed ImageStim = ImageStim(__class__=<class 'psychopy.visual.image.ImageStim'>, anchor=('center', 'center'), autoLog=True, color=array([1., 1., 1.]), colorSpace='rgb', contrast=1.0, depth=0, draggable=False, flipHoriz=False, flipVert=False, image='visualObj/noiseGauss50.png', interpolate=False, mask=None, maskParams=None, name='unnamed ImageStim', opacity=1, ori=0.0, pos=array([0., 0.]), size=array([0.42666667, 0.42666667]), texRes=128, units='height', win=Window(...))
0.0374 	EXP 	Created unnamed ImageStim = ImageStim(__class__=<class 'psychopy.visual.image.ImageStim'>, anchor=('center', 'center'), autoLog=True, color=array([1., 1., 1.]), colorSpace='rgb', contrast=1.0, depth=0, draggable=False, flipHoriz=False, flipVert=False, image='visualObj/noiseGauss50.png', interpolate=False, mask=None, maskParams=None, name='unnamed ImageStim', opacity=1, ori=0.0, pos=array([0., 0.]), size=array([0.42666667, 0.42666667]), texRes=128, units='height', win=Window(...))
0.0380 	EXP 	Created unnamed ImageStim = ImageStim(__class__=<class 'psychopy.visual.image.ImageStim'>, anchor=('center', 'center'), autoLog=True, color=array([1., 1., 1.]), colorSpace='rgb', contrast=1.0, depth=0, draggable=False, flipHoriz=False, flipVert=False, image=None, interpolate=False, mask=None, maskParams=None, name='unnamed ImageStim', opacity=1, ori=0.0, pos=array([0., 0.]), size=array([0.18, 0.18]), texRes=128, units='height', win=Window(...))
0.0384 	EXP 	Created unnamed ImageStim = ImageStim(__class__=<class 'psychopy.visual.image.ImageStim'>, anchor=('center', 'center'), autoLog=True, color=array([1., 1., 1.]), colorSpace='rgb', contrast=1.0, depth=0, draggable=False, flipHoriz=False, flipVert=False, image=None, interpolate=False, mask=None, maskParams=None, name='unnamed ImageStim', opacity=1, ori=0.0, pos=array([0., 0.]), size=array([0.18, 0.18]), texRes=128, units='height', win=Window(...))
0.0390 	EXP 	Created unnamed ImageStim = ImageStim(__class__=<class 'psychopy.visual.image.ImageStim'>, anchor=('center', 'center'), autoLog=True, color=array([1., 1., 1.]), colorSpace='rgb', contrast=1.0, depth=0, draggable=False, flipHoriz=False, flipVert=False, image=None, interpolate=False, mask=None, maskParams=None, name='unnamed ImageStim', opacity=1, ori=0.0, pos=array([0., 0.]), size=array([0.18, 0.18]), texRes=128, units='height', win=Window(...))
0.0395 	EXP 	Created unnamed ImageStim = ImageStim(__class__=<class 'psychopy.visual.image.ImageStim'>, anchor=('center', 'center'), autoLog=True, color=array([1., 1., 1.]), colorSpace='rgb', contrast=1.0, depth=0, draggable=False, flipHoriz=False, flipVert=False, image=None, interpolate=False, mask=None, maskParams=None, name='unnamed ImageStim', opacity=1, ori=0.0, pos=array([0., 0.]), size=array([0.18, 0.18]), texRes=128, units='height', win=Window(...))
0.0399 	EXP 	Created unnamed ImageStim = ImageStim(__class__=<class 'psychopy.visual.image.ImageStim'>, anchor=('center', 'center'), autoLog=True, color=array([1., 1., 1.]), colorSpace='rgb', contrast=1.0, depth=0, draggable=False, flipHoriz=False, flipVert=False, image=None, interpolate=False, mask=None, maskParams=None, name='unnamed ImageStim', opacity=1, ori=0.0, pos=array([0., 0.]), size=array([0.18, 0.18]), texRes=128, units='height', win=Window(...))
0.0404 	EXP 	Created unnamed ImageStim = ImageStim(__class__=<class 'psychopy.visual.image.ImageStim'>, anchor=('center', 'center'), autoLog=True, color=array([1., 1., 1.]), colorSpace='rgb', contrast=1.0, depth=0, draggable=False, flipHoriz=False, flipVert=False, image=None, interpolate=False, mask=None, maskParams=None, name='unnamed ImageStim', opacity=1, ori=0.0, pos=array([0., 0.]), size=array([0.18, 0.18]), texRes=128, units='height', win=Window(...))
0.0409 	EXP 	Created unnamed ImageStim = ImageStim(__class__=<class 'psychopy.visual.image.ImageStim'>, anchor=('center', 'center'), autoLog=True, color=array([1., 1., 1.]), colorSpace='rgb', contrast=1.0, depth=0, draggable=False, flipHoriz=False, flipVert=False, image=None, interpolate=False, mask=None, maskParams=None, name='unnamed ImageStim', opacity=1, ori=0.0, pos=array([0., 0.]), size=array([1., 1.]), texRes=128, units='height', win=Window(...))
0.0555 	EXP 	Created unnamed TextStim = TextStim(__class__=<class 'psychopy.visual.text.TextStim'>, alignHoriz=method-wrapper(...), alignText='center', alignVert=method-wrapper(...), anchorHoriz='center', anchorVert='center', antialias=True, autoDraw=False, autoLog=True, bold=True, color=array([1., 1., 1.]), colorSpace='rgb', contrast=1.0, depth=0, draggable=False, flipHoriz=False, flipVert=False, font='', fontFiles=[], height=0.03, italic=False, languageStyle='LTR', name='unnamed TextStim', opacity=1.0, ori=0.0, pos=array([0., 0.]), rgb=UNKNOWN, text='', units='height', win=Window(...), wrapWidth=1)
0.0567 	EXP 	Created instrTxt = TextStim(__class__=<class 'psychopy.visual.text.TextStim'>, alignHoriz=method-wrapper(...), alignText='center', alignVert=method-wrapper(...), anchorHoriz='center', anchorVert='center', antialias=True, autoDraw=False, autoLog=True, bold=False, color=array([1., 1., 1.]), colorSpace='rgb', contrast=1.0, depth=0.0, draggable=False, flipHoriz=False, flipVert=False, font='Open Sans', fontFiles=[], height=0.03, italic=False, languageStyle='LTR', name='instrTxt', opacity=0.6, ori=0.0, pos=array([0. , 0.2]), rgb=UNKNOWN, text='', units='height', win=Window(...), wrapWidth=1)
0.0572 	EXP 	New trial (rep=0, index=0): <Trial 0 (0 in rep 0) data={'thisN': 0, 'thisTrialN': 0, 'thisRepN': 0}>
0.0575 	EXP 	New trial (rep=0, index=0): <Trial 0 (0 in rep 0) data={'thisN': 0, 'thisTrialN': 0, 'thisRepN': 0}>
0.0581 	INFO 	Keyboard events cleared
0.0659 	EXP 	unnamed Polygon: fillColor = [128, 115, 96]
0.0659 	EXP 	unnamed Polygon: autoDraw = True
0.0659 	EXP 	unnamed ImageStim: autoDraw = True
0.5589 	DATA 	Keypress: f11
0.5720 	EXP 	unnamed Polygon: autoDraw = False
0.5720 	EXP 	unnamed ImageStim: autoDraw = False
0.5784 	INFO 	Keyboard events cleared
0.5863 	EXP 	unnamed ImageStim: image = 'stimuli/cubes_resized/cubeCeptionCube_Near.jpg'
0.5863 	EXP 	unnamed ImageStim: image = 'stimuli/cubes_resized/die2_Far.jpg'
0.5863 	EXP 	unnamed ImageStim: autoDraw = True
0.5863 	EXP 	unnamed ImageStim: autoDraw = True
3.5788 	INFO 	Keyboard events cleared
3.5796 	DATA 	Keypress: f11
3.5801 	DATA 	Mouse: Left button down, pos=(441,455)
3.5802 	DATA 	Keypress: f11
3.5804 	DATA 	Mouse:  Left button up, pos=(441,455)
3.5806 	DATA 	Keypress: f11
3.5806 	DATA 	Keypress: f11
3.5807 	DATA 	Mouse: Left button down, pos=(441,455)
3.5810 	DATA 	Mouse:  Left button up, pos=(437,451)
3.5811 	DATA 	Keypress: f11
3.5815 	DATA 	Keypress: f11
3.5818 	DATA 	Keypress: f11
3.5821 	DATA 	Mouse: Left button down, pos=(224,175)
3.5823 	DATA 	Mouse:  Left button up, pos=(224,175)
3.5825 	DATA 	Mouse: Right button down, pos=(223,175)
3.5827 	DATA 	Mouse:  Right button up, pos=(205,170)
3.5827 	DATA 	Keypress: f11
3.5883 	EXP 	unnamed ImageStim: autoDraw = False
3.5883 	EXP 	unnamed ImageStim: autoDraw = False
3.5883 	EXP 	unnamed ImageStim: autoDraw = True
3.5883 	EXP 	unnamed ImageStim: autoDraw = True
3.8417 	EXP 	unnamed ImageStim: autoDraw = False
3.8417 	EXP 	unnamed ImageStim: autoDraw = False
4.0791 	EXP 	KeoghRevisedRetrocueTask: status = STOPPED
4.0793 	DATA 	Keypress: escape
4.0829 	EXP 	KeoghRevisedRetrocueTask: status = STOPPED
4.0853 	INFO 	saved data to 'C:\\Users\\cocon\\OneDrive\\Documents\\GitHub\\Kiyonaga-Lab\\PNR Project\\data/647598_KeoghRevisedRetrocueTask_2025-05-27_20h02.22.234.csv'
4.0859 	INFO 	saved data to C:\Users\cocon\OneDrive\Documents\GitHub\Kiyonaga-Lab\PNR Project\data/647598_KeoghRevisedRetrocueTask_2025-05-27_20h02.22.234.psydat
4.3987 	DEBUG 	Saving data for KeoghRevisedRetrocueTask ExperimentHandler
